Component: ARM Compiler 5.06 update 7 (build 960) Tool: armlink [4d3601]

==============================================================================

Section Cross References

    main.o(i.main) refers to misc.o(i.NVIC_PriorityGroupConfig) for NVIC_PriorityGroupConfig
    main.o(i.main) refers to board.o(i.Board_Init) for Board_Init
    main.o(i.main) refers to task_init.o(i.Task_Init) for Task_Init
    system_stm32f4xx.o(i.SystemCoreClockUpdate) refers to system_stm32f4xx.o(.data) for SystemCoreClock
    system_stm32f4xx.o(i.SystemInit) refers to system_stm32f4xx.o(i.SetSysClock) for SetSysClock
    board.o(i.Board_Init) refers to delay.o(i.delay_init) for delay_init
    board.o(i.Board_Init) refers to led.o(i.LED_Init) for LED_Init
    board.o(i.Board_Init) refers to dr16.o(i.DR16_Init) for DR16_Init
    board.o(i.Board_Init) refers to bmi088driver.o(i.BMI088_Init) for BMI088_Init
    board.o(i.Board_Init) refers to tim6.o(i.TIM6_Init) for TIM6_Init
    board.o(i.Board_Init) refers to beep.o(i.Beep_Init) for Beep_Init
    board.o(i.Board_Init) refers to rotor.o(i.Rotor_Init) for Rotor_Init
    board.o(i.Board_Init) refers to usart.o(i.User_USART_Init) for User_USART_Init
    board.o(i.Board_Init) refers to bmp280.o(i.BMP_IIC_Init) for BMP_IIC_Init
    board.o(i.Board_Init) refers to bmp280.o(i.bmp280Init) for bmp280Init
    led.o(i.LED_Init) refers to stm32f4xx_rcc.o(i.RCC_AHB1PeriphClockCmd) for RCC_AHB1PeriphClockCmd
    led.o(i.LED_Init) refers to stm32f4xx_gpio.o(i.GPIO_Init) for GPIO_Init
    led.o(i.LED_Init) refers to stm32f4xx_gpio.o(i.GPIO_ResetBits) for GPIO_ResetBits
    led.o(i.LED_Run) refers to stm32f4xx_gpio.o(i.GPIO_ToggleBits) for GPIO_ToggleBits
    beep.o(i.Beep_Init) refers to stm32f4xx_rcc.o(i.RCC_APB1PeriphClockCmd) for RCC_APB1PeriphClockCmd
    beep.o(i.Beep_Init) refers to stm32f4xx_rcc.o(i.RCC_AHB1PeriphClockCmd) for RCC_AHB1PeriphClockCmd
    beep.o(i.Beep_Init) refers to stm32f4xx_gpio.o(i.GPIO_PinAFConfig) for GPIO_PinAFConfig
    beep.o(i.Beep_Init) refers to stm32f4xx_gpio.o(i.GPIO_Init) for GPIO_Init
    beep.o(i.Beep_Init) refers to stm32f4xx_tim.o(i.TIM_TimeBaseInit) for TIM_TimeBaseInit
    beep.o(i.Beep_Init) refers to stm32f4xx_tim.o(i.TIM_OC3Init) for TIM_OC3Init
    beep.o(i.Beep_Init) refers to stm32f4xx_tim.o(i.TIM_OC3PreloadConfig) for TIM_OC3PreloadConfig
    beep.o(i.Beep_Init) refers to stm32f4xx_tim.o(i.TIM_ARRPreloadConfig) for TIM_ARRPreloadConfig
    beep.o(i.Beep_Init) refers to stm32f4xx_tim.o(i.TIM_Cmd) for TIM_Cmd
    bmi088.o(i.BMI088_SPI_Init) refers to stm32f4xx_rcc.o(i.RCC_AHB1PeriphClockCmd) for RCC_AHB1PeriphClockCmd
    bmi088.o(i.BMI088_SPI_Init) refers to stm32f4xx_rcc.o(i.RCC_APB2PeriphClockCmd) for RCC_APB2PeriphClockCmd
    bmi088.o(i.BMI088_SPI_Init) refers to stm32f4xx_gpio.o(i.GPIO_Init) for GPIO_Init
    bmi088.o(i.BMI088_SPI_Init) refers to stm32f4xx_gpio.o(i.GPIO_SetBits) for GPIO_SetBits
    bmi088.o(i.BMI088_SPI_Init) refers to stm32f4xx_gpio.o(i.GPIO_PinAFConfig) for GPIO_PinAFConfig
    bmi088.o(i.BMI088_SPI_Init) refers to stm32f4xx_rcc.o(i.RCC_APB2PeriphResetCmd) for RCC_APB2PeriphResetCmd
    bmi088.o(i.BMI088_SPI_Init) refers to stm32f4xx_spi.o(i.SPI_Init) for SPI_Init
    bmi088.o(i.BMI088_SPI_Init) refers to stm32f4xx_spi.o(i.SPI_Cmd) for SPI_Cmd
    bmi088driver.o(i.BMI088_ACCEL_NS_H) refers to stm32f4xx_gpio.o(i.GPIO_SetBits) for GPIO_SetBits
    bmi088driver.o(i.BMI088_ACCEL_NS_L) refers to stm32f4xx_gpio.o(i.GPIO_ResetBits) for GPIO_ResetBits
    bmi088driver.o(i.BMI088_GYRO_NS_H) refers to stm32f4xx_gpio.o(i.GPIO_SetBits) for GPIO_SetBits
    bmi088driver.o(i.BMI088_GYRO_NS_L) refers to stm32f4xx_gpio.o(i.GPIO_ResetBits) for GPIO_ResetBits
    bmi088driver.o(i.BMI088_Get_Data) refers to bmi088driver.o(i.BMI088_ACCEL_NS_L) for BMI088_ACCEL_NS_L
    bmi088driver.o(i.BMI088_Get_Data) refers to bmi088driver.o(i.BMI088_read_write_byte) for BMI088_read_write_byte
    bmi088driver.o(i.BMI088_Get_Data) refers to bmi088driver.o(i.BMI088_read_muli_reg) for BMI088_read_muli_reg
    bmi088driver.o(i.BMI088_Get_Data) refers to bmi088driver.o(i.BMI088_ACCEL_NS_H) for BMI088_ACCEL_NS_H
    bmi088driver.o(i.BMI088_Get_Data) refers to bmi088driver.o(i.BMI088_GYRO_NS_L) for BMI088_GYRO_NS_L
    bmi088driver.o(i.BMI088_Get_Data) refers to bmi088driver.o(i.BMI088_GYRO_NS_H) for BMI088_GYRO_NS_H
    bmi088driver.o(i.BMI088_Get_Data) refers to kalman.o(i.KalmanFilter) for KalmanFilter
    bmi088driver.o(i.BMI088_Get_Data) refers to imu.o(.bss) for mpu_data
    bmi088driver.o(i.BMI088_Get_Data) refers to bmi088driver.o(.bss) for aBuf
    bmi088driver.o(i.BMI088_Get_Data) refers to bmi088driver.o(.data) for low_filter_coefficient
    bmi088driver.o(i.BMI088_Init) refers to bmi088.o(i.BMI088_SPI_Init) for BMI088_SPI_Init
    bmi088driver.o(i.BMI088_Init) refers to bmi088driver.o(i.bmi088_accel_init) for bmi088_accel_init
    bmi088driver.o(i.BMI088_Init) refers to bmi088driver.o(i.bmi088_gyro_init) for bmi088_gyro_init
[...]
    USART2_IRQHandler                        0x0800033b   Thumb Code     0  startup_stm32f40_41xxx.o(.text)
    WWDG_IRQHandler                          0x0800033b   Thumb Code     0  startup_stm32f40_41xxx.o(.text)
    __user_initial_stackheap                 0x0800033d   Thumb Code     0  startup_stm32f40_41xxx.o(.text)
    __use_no_semihosting                     0x08000361   Thumb Code     2  use_no_semi_2.o(.text)
    __aeabi_ldivmod                          0x08000363   Thumb Code     0  llsdiv.o(.text)
    _ll_sdiv                                 0x08000363   Thumb Code    72  llsdiv.o(.text)
    __aeabi_memcpy                           0x080003ab   Thumb Code     0  rt_memcpy_v6.o(.text)
    __rt_memcpy                              0x080003ab   Thumb Code   138  rt_memcpy_v6.o(.text)
    _memcpy_lastbytes                        0x08000411   Thumb Code     0  rt_memcpy_v6.o(.text)
    __aeabi_memset                           0x08000435   Thumb Code    16  aeabi_memset.o(.text)
    __use_two_region_memory                  0x08000445   Thumb Code     2  heapauxi.o(.text)
    __rt_heap_escrow$2region                 0x08000447   Thumb Code     2  heapauxi.o(.text)
    __rt_heap_expand$2region                 0x08000449   Thumb Code     2  heapauxi.o(.text)
    __I$use$semihosting                      0x0800044b   Thumb Code     0  use_no_semi.o(.text)
    __use_no_semihosting_swi                 0x0800044b   Thumb Code     2  use_no_semi.o(.text)
    __aeabi_uldivmod                         0x0800044d   Thumb Code     0  lludivv7m.o(.text)
    _ll_udiv                                 0x0800044d   Thumb Code   238  lludivv7m.o(.text)
    __read_errno                             0x0800053b   Thumb Code    10  _rserrno.o(.text)
    __set_errno                              0x08000545   Thumb Code    12  _rserrno.o(.text)
    __aeabi_memcpy4                          0x08000551   Thumb Code     0  rt_memcpy_w.o(.text)
    __aeabi_memcpy8                          0x08000551   Thumb Code     0  rt_memcpy_w.o(.text)
    __rt_memcpy_w                            0x08000551   Thumb Code   100  rt_memcpy_w.o(.text)
    _memcpy_lastbytes_aligned                0x08000599   Thumb Code     0  rt_memcpy_w.o(.text)
    __aeabi_memclr                           0x080005b5   Thumb Code     0  rt_memclr.o(.text)
    __rt_memclr                              0x080005b5   Thumb Code    68  rt_memclr.o(.text)
    _memset                                  0x080005b9   Thumb Code     0  rt_memclr.o(.text)
    __aeabi_errno_addr                       0x080005f9   Thumb Code     8  rt_errno_addr_intlibspace.o(.text)
    __errno$intlibspace                      0x080005f9   Thumb Code     0  rt_errno_addr_intlibspace.o(.text)
    __rt_errno_addr$intlibspace              0x080005f9   Thumb Code     0  rt_errno_addr_intlibspace.o(.text)
    __aeabi_memclr4                          0x08000601   Thumb Code     0  rt_memclr_w.o(.text)
    __aeabi_memclr8                          0x08000601   Thumb Code     0  rt_memclr_w.o(.text)
    __rt_memclr_w                            0x08000601   Thumb Code    78  rt_memclr_w.o(.text)
    _memset_w                                0x08000605   Thumb Code     0  rt_memclr_w.o(.text)
    __user_libspace                          0x08000651   Thumb Code     8  libspace.o(.text)
    __user_perproc_libspace                  0x08000651   Thumb Code     0  libspace.o(.text)
    __user_perthread_libspace                0x08000651   Thumb Code     0  libspace.o(.text)
    __user_setup_stackheap                   0x08000659   Thumb Code    74  sys_stackheap_outer.o(.text)
    exit                                     0x080006a3   Thumb Code    18  exit.o(.text)
    BMI088_ACCEL_NS_H                        0x080006b5   Thumb Code    12  bmi088driver.o(i.BMI088_ACCEL_NS_H)
    BMI088_ACCEL_NS_L                        0x080006c5   Thumb Code    12  bmi088driver.o(i.BMI088_ACCEL_NS_L)
    BMI088_GYRO_NS_H                         0x080006d5   Thumb Code    12  bmi088driver.o(i.BMI088_GYRO_NS_H)
    BMI088_GYRO_NS_L                         0x080006e5   Thumb Code    12  bmi088driver.o(i.BMI088_GYRO_NS_L)
    BMI088_Get_Data                          0x080006f5   Thumb Code   930  bmi088driver.o(i.BMI088_Get_Data)
    BMI088_Init                              0x08000abd   Thumb Code    34  bmi088driver.o(i.BMI088_Init)
    BMI088_Offset_Cali                       0x08000ae1   Thumb Code   376  bmi088driver.o(i.BMI088_Offset_Cali)
    BMI088_SPI_Init                          0x08000c71   Thumb Code   308  bmi088.o(i.BMI088_SPI_Init)
    BMI088_read_write_byte                   0x08000df1   Thumb Code    50  bmi088driver.o(i.BMI088_read_write_byte)
    BMP_IIC_Ack                              0x08000e3d   Thumb Code    66  bmp280.o(i.BMP_IIC_Ack)
    BMP_IIC_Init                             0x08000e8d   Thumb Code    60  bmp280.o(i.BMP_IIC_Init)
    BMP_IIC_NAck                             0x08000ed5   Thumb Code    66  bmp280.o(i.BMP_IIC_NAck)
    BMP_IIC_Read_Byte                        0x08000f25   Thumb Code    94  bmp280.o(i.BMP_IIC_Read_Byte)
    BMP_IIC_Send_Byte                        0x08000f91   Thumb Code    90  bmp280.o(i.BMP_IIC_Send_Byte)
    BMP_IIC_Start                            0x08000ff9   Thumb Code    64  bmp280.o(i.BMP_IIC_Start)
    BMP_IIC_Stop                             0x08001045   Thumb Code    62  bmp280.o(i.BMP_IIC_Stop)
    BMP_IIC_Wait_Ack                         0x08001091   Thumb Code    82  bmp280.o(i.BMP_IIC_Wait_Ack)
    BMP_iicDevRead                           0x080010f1   Thumb Code    96  bmp280.o(i.BMP_iicDevRead)
    BMP_iicDevReadByte                       0x08001151   Thumb Code    64  bmp280.o(i.BMP_iicDevReadByte)
    BMP_iicDevWriteByte                      0x08001191   Thumb Code    48  bmp280.o(i.BMP_iicDevWriteByte)
    Beep_Ctrl                                0x080011c1   Thumb Code    12  beep.o(i.Beep_Ctrl)
    Beep_Init                                0x080011d1   Thumb Code   152  beep.o(i.Beep_Init)
    Board_Init                               0x08001271   Thumb Code    46  board.o(i.Board_Init)
    BusFault_Handler                         0x0800129f   Thumb Code     4  stm32f4xx_it.o(i.BusFault_Handler)
    DMA2_Stream6_IRQHandler                  0x080012a5   Thumb Code    40  usart.o(i.DMA2_Stream6_IRQHandler)
    DMA2_Stream7_IRQHandler                  0x080012d5   Thumb Code    40  upflow.o(i.DMA2_Stream7_IRQHandler)
    DMA_ClearITPendingBit                    0x08001305   Thumb Code    38  stm32f4xx_dma.o(i.DMA_ClearITPendingBit)
    DMA_Cmd                                  0x08001339   Thumb Code    22  stm32f4xx_dma.o(i.DMA_Cmd)
    DMA_DeInit                               0x08001351   Thumb Code   324  stm32f4xx_dma.o(i.DMA_DeInit)
    DMA_DoubleBufferModeCmd                  0x080014a9   Thumb Code    22  stm32f4xx_dma.o(i.DMA_DoubleBufferModeCmd)
    DMA_DoubleBufferModeConfig               0x080014bf   Thumb Code    24  stm32f4xx_dma.o(i.DMA_DoubleBufferModeConfig)
    DMA_GetCurrDataCounter                   0x080014d7   Thumb Code     8  stm32f4xx_dma.o(i.DMA_GetCurrDataCounter)
    DMA_GetCurrentMemoryTarget               0x080014df   Thumb Code    20  stm32f4xx_dma.o(i.DMA_GetCurrentMemoryTarget)
    DMA_GetITStatus                          0x080014f5   Thumb Code    82  stm32f4xx_dma.o(i.DMA_GetITStatus)
    DMA_ITConfig                             0x08001559   Thumb Code    58  stm32f4xx_dma.o(i.DMA_ITConfig)
    DMA_Init                                 0x08001595   Thumb Code    82  stm32f4xx_dma.o(i.DMA_Init)
    DMA_SetCurrDataCounter                   0x080015ed   Thumb Code     4  stm32f4xx_dma.o(i.DMA_SetCurrDataCounter)
    DR16_DataDecode                          0x080015f1   Thumb Code   184  dr16.o(i.DR16_DataDecode)
    DR16_Init                                0x080016b1   Thumb Code    16  dr16.o(i.DR16_Init)
    DR16_USART_DMA_Init                      0x080016c1   Thumb Code   130  dr16.o(i.DR16_USART_DMA_Init)
    DR16_USART_Init                          0x08001751   Thumb Code   142  dr16.o(i.DR16_USART_Init)
    DR16_USART_NVIC_Init                     0x080017ed   Thumb Code    34  dr16.o(i.DR16_USART_NVIC_Init)
    DebugMon_Handler                         0x0800180f   Thumb Code     2  stm32f4xx_it.o(i.DebugMon_Handler)
    EXTI9_5_IRQHandler                       0x08001811   Thumb Code    90  sr04.o(i.EXTI9_5_IRQHandler)
    EXTI_ClearITPendingBit                   0x08001889   Thumb Code     6  stm32f4xx_exti.o(i.EXTI_ClearITPendingBit)
    EXTI_GetITStatus                         0x08001895   Thumb Code    20  stm32f4xx_exti.o(i.EXTI_GetITStatus)
    GPIO_Init                                0x080018ad   Thumb Code   144  stm32f4xx_gpio.o(i.GPIO_Init)
    GPIO_PinAFConfig                         0x0800193d   Thumb Code    70  stm32f4xx_gpio.o(i.GPIO_PinAFConfig)
    GPIO_ReadInputDataBit                    0x08001983   Thumb Code    18  stm32f4xx_gpio.o(i.GPIO_ReadInputDataBit)
    GPIO_ResetBits                           0x08001995   Thumb Code     4  stm32f4xx_gpio.o(i.GPIO_ResetBits)
    GPIO_SetBits                             0x08001999   Thumb Code     4  stm32f4xx_gpio.o(i.GPIO_SetBits)
    GPIO_ToggleBits                          0x0800199d   Thumb Code     8  stm32f4xx_gpio.o(i.GPIO_ToggleBits)
    GetSysTimeUs                             0x080019a5   Thumb Code    76  sensor_task.o(i.GetSysTimeUs)
    HardFault_Handler                        0x080019f1   Thumb Code     4  stm32f4xx_it.o(i.HardFault_Handler)
    IMU_Ahrs_Update                          0x080019f5   Thumb Code  1834  imu.o(i.IMU_Ahrs_Update)
    IMU_Attitude_Update                      0x08002165   Thumb Code   490  imu.o(i.IMU_Attitude_Update)
    KalmanFilter                             0x0800236d   Thumb Code   134  kalman.o(i.KalmanFilter)
    LED_Init                                 0x080023f5   Thumb Code    54  led.o(i.LED_Init)
    LED_Run                                  0x08002431   Thumb Code    14  led.o(i.LED_Run)
    MemManage_Handler                        0x08002445   Thumb Code     4  stm32f4xx_it.o(i.MemManage_Handler)
    Mode_Switch                              0x08002449   Thumb Code   112  mode_task.o(i.Mode_Switch)
    NMI_Handler                              0x080024c1   Thumb Code     2  stm32f4xx_it.o(i.NMI_Handler)
    NVIC_Init                                0x080024c5   Thumb Code   106  misc.o(i.NVIC_Init)
    NVIC_PriorityGroupConfig                 0x0800253d   Thumb Code    10  misc.o(i.NVIC_PriorityGroupConfig)
    Pid_Calc                                 0x08002551   Thumb Code   476  pid.o(i.Pid_Calc)
    Pid_Reset                                0x08002731   Thumb Code   154  pid.o(i.Pid_Reset)
    Pid_Set                                  0x080027d1   Thumb Code    46  pid.o(i.Pid_Set)
    RCC_AHB1PeriphClockCmd                   0x08002801   Thumb Code    26  stm32f4xx_rcc.o(i.RCC_AHB1PeriphClockCmd)
    RCC_APB1PeriphClockCmd                   0x08002821   Thumb Code    26  stm32f4xx_rcc.o(i.RCC_APB1PeriphClockCmd)
    RCC_APB2PeriphClockCmd                   0x08002841   Thumb Code    26  stm32f4xx_rcc.o(i.RCC_APB2PeriphClockCmd)
    RCC_APB2PeriphResetCmd                   0x08002861   Thumb Code    26  stm32f4xx_rcc.o(i.RCC_APB2PeriphResetCmd)
    RCC_GetClocksFreq                        0x08002881   Thumb Code   214  stm32f4xx_rcc.o(i.RCC_GetClocksFreq)
    RingBuf_Write                            0x08002969   Thumb Code    50  upflow.o(i.RingBuf_Write)
    Rotor_Init                               0x0800299d   Thumb Code   254  rotor.o(i.Rotor_Init)
    SPI_Cmd                                  0x08002aa5   Thumb Code    24  stm32f4xx_spi.o(i.SPI_Cmd)
    SPI_I2S_GetFlagStatus                    0x08002abd   Thumb Code    18  stm32f4xx_spi.o(i.SPI_I2S_GetFlagStatus)
    SPI_I2S_ReceiveData                      0x08002acf   Thumb Code     6  stm32f4xx_spi.o(i.SPI_I2S_ReceiveData)
    SPI_I2S_SendData                         0x08002ad5   Thumb Code     4  stm32f4xx_spi.o(i.SPI_I2S_SendData)
    SPI_Init                                 0x08002ad9   Thumb Code    60  stm32f4xx_spi.o(i.SPI_Init)
    SysTick_CLKSourceConfig                  0x08002c01   Thumb Code    40  misc.o(i.SysTick_CLKSourceConfig)
    SysTick_Handler                          0x08002c29   Thumb Code    16  delay.o(i.SysTick_Handler)
    SystemInit                               0x08002c39   Thumb Code    88  system_stm32f4xx.o(i.SystemInit)
    TIM6_DAC_IRQHandler                      0x08002ca1   Thumb Code    96  tim6.o(i.TIM6_DAC_IRQHandler)
    TIM6_Init                                0x08002d19   Thumb Code    88  tim6.o(i.TIM6_Init)
    TIM8_UP_TIM13_IRQHandler                 0x08002d75   Thumb Code    32  sr04.o(i.TIM8_UP_TIM13_IRQHandler)
    TIM_ARRPreloadConfig                     0x08002d9d   Thumb Code    24  stm32f4xx_tim.o(i.TIM_ARRPreloadConfig)
    TIM_ClearITPendingBit                    0x08002db5   Thumb Code     6  stm32f4xx_tim.o(i.TIM_ClearITPendingBit)
    TIM_Cmd                                  0x08002dbb   Thumb Code    24  stm32f4xx_tim.o(i.TIM_Cmd)
    TIM_CtrlPWMOutputs                       0x08002dd3   Thumb Code    30  stm32f4xx_tim.o(i.TIM_CtrlPWMOutputs)
    TIM_GetITStatus                          0x08002df1   Thumb Code    34  stm32f4xx_tim.o(i.TIM_GetITStatus)
    TIM_ITConfig                             0x08002e13   Thumb Code    18  stm32f4xx_tim.o(i.TIM_ITConfig)
    TIM_OC1Init                              0x08002e25   Thumb Code   114  stm32f4xx_tim.o(i.TIM_OC1Init)
    TIM_OC1PreloadConfig                     0x08002ea1   Thumb Code    18  stm32f4xx_tim.o(i.TIM_OC1PreloadConfig)
    TIM_OC2Init                              0x08002eb5   Thumb Code   154  stm32f4xx_tim.o(i.TIM_OC2Init)
    TIM_OC2PreloadConfig                     0x08002f59   Thumb Code    26  stm32f4xx_tim.o(i.TIM_OC2PreloadConfig)
    TIM_OC3Init                              0x08002f75   Thumb Code   150  stm32f4xx_tim.o(i.TIM_OC3Init)
    TIM_OC3PreloadConfig                     0x08003015   Thumb Code    18  stm32f4xx_tim.o(i.TIM_OC3PreloadConfig)
    TIM_OC4Init                              0x08003029   Thumb Code   112  stm32f4xx_tim.o(i.TIM_OC4Init)
    TIM_OC4PreloadConfig                     0x080030a1   Thumb Code    26  stm32f4xx_tim.o(i.TIM_OC4PreloadConfig)
    TIM_TimeBaseInit                         0x080030bd   Thumb Code   104  stm32f4xx_tim.o(i.TIM_TimeBaseInit)
    Task_Freq_Update                         0x08003141   Thumb Code    34  detect_task.o(i.Task_Freq_Update)
    Task_Init                                0x0800316d   Thumb Code     8  task_init.o(i.Task_Init)
    UAV_Control                              0x08003175   Thumb Code  1388  flight_control_task.o(i.UAV_Control)
    UAV_Init                                 0x080036f5   Thumb Code   462  flight_control_task.o(i.UAV_Init)
    USART1_IRQHandler                        0x0800392d   Thumb Code    44  upflow.o(i.USART1_IRQHandler)
    USART3_IRQHandler                        0x08003961   Thumb Code   124  dr16.o(i.USART3_IRQHandler)
    USART6_IRQHandler                        0x080039e9   Thumb Code   124  usart.o(i.USART6_IRQHandler)
    USART_ClearFlag                          0x08003a71   Thumb Code    18  stm32f4xx_usart.o(i.USART_ClearFlag)
    USART_ClearITPendingBit                  0x08003a83   Thumb Code    30  stm32f4xx_usart.o(i.USART_ClearITPendingBit)
    USART_Cmd                                0x08003aa1   Thumb Code    24  stm32f4xx_usart.o(i.USART_Cmd)
    USART_DMACmd                             0x08003ab9   Thumb Code    18  stm32f4xx_usart.o(i.USART_DMACmd)
    USART_GetITStatus                        0x08003acb   Thumb Code    84  stm32f4xx_usart.o(i.USART_GetITStatus)
    USART_ITConfig                           0x08003b1f   Thumb Code    74  stm32f4xx_usart.o(i.USART_ITConfig)
    USART_Init                               0x08003b69   Thumb Code   204  stm32f4xx_usart.o(i.USART_Init)
    USART_ReceiveData                        0x08003c3d   Thumb Code    10  stm32f4xx_usart.o(i.USART_ReceiveData)
    UsageFault_Handler                       0x08003c47   Thumb Code     4  stm32f4xx_it.o(i.UsageFault_Handler)
    User_Data_Decode                         0x08003c4d   Thumb Code   844  usart.o(i.User_Data_Decode)
    User_Send_Data                           0x08003fc5   Thumb Code   708  usart.o(i.User_Send_Data)
    User_USART_Init                          0x080042a1   Thumb Code   426  usart.o(i.User_USART_Init)
    __ARM_fpclassify                         0x08004461   Thumb Code    48  fpclassify.o(i.__ARM_fpclassify)
    __hardfp_asin                            0x08004491   Thumb Code   770  asin.o(i.__hardfp_asin)
    __hardfp_atan                            0x080047f1   Thumb Code   622  atan.o(i.__hardfp_atan)
    __hardfp_atan2                           0x08004ac9   Thumb Code   448  atan2.o(i.__hardfp_atan2)
    __hardfp_fabs                            0x08004cc9   Thumb Code    20  fabs.o(i.__hardfp_fabs)
    __hardfp_pow                             0x08004ce1   Thumb Code  3072  pow.o(i.__hardfp_pow)
    __hardfp_sqrt                            0x08005931   Thumb Code   122  sqrt.o(i.__hardfp_sqrt)
    __kernel_poly                            0x080059ab   Thumb Code   248  poly.o(i.__kernel_poly)
    __mathlib_dbl_divzero                    0x08005aa9   Thumb Code    28  dunder.o(i.__mathlib_dbl_divzero)
    __mathlib_dbl_infnan                     0x08005ad9   Thumb Code    20  dunder.o(i.__mathlib_dbl_infnan)
    __mathlib_dbl_infnan2                    0x08005aed   Thumb Code    20  dunder.o(i.__mathlib_dbl_infnan2)
    __mathlib_dbl_invalid                    0x08005b01   Thumb Code    24  dunder.o(i.__mathlib_dbl_invalid)
    __mathlib_dbl_overflow                   0x08005b21   Thumb Code    24  dunder.o(i.__mathlib_dbl_overflow)
    __mathlib_dbl_underflow                  0x08005b41   Thumb Code    24  dunder.o(i.__mathlib_dbl_underflow)
    _sys_exit                                0x08005b61   Thumb Code     4  usart.o(i._sys_exit)
    atan                                     0x08005b65   Thumb Code    16  atan.o(i.atan)
    bmi088_accel_init                        0x08005b75   Thumb Code   290  bmi088driver.o(i.bmi088_accel_init)
    bmi088_gyro_init                         0x08005c9d   Thumb Code   238  bmi088driver.o(i.bmi088_gyro_init)
    bmp280GetData                            0x08005f81   Thumb Code   138  bmp280.o(i.bmp280GetData)
    bmp280Init                               0x08006079   Thumb Code    88  bmp280.o(i.bmp280Init)
    communication_task                       0x08006195   Thumb Code    20  communication_task.o(i.communication_task)
    communication_task_create                0x080061a9   Thumb Code    26  communication_task.o(i.communication_task_create)
    delay_init                               0x080061e1   Thumb Code    58  delay.o(i.delay_init)
    delay_ms                                 0x08006225   Thumb Code    62  delay.o(i.delay_ms)
    delay_us                                 0x08006269   Thumb Code    68  delay.o(i.delay_us)
    delay_xms                                0x080062b1   Thumb Code    24  delay.o(i.delay_xms)
    fabs                                     0x080062c9   Thumb Code    24  fabs.o(i.fabs)
    flight_control_task                      0x080062e1   Thumb Code    70  flight_control_task.o(i.flight_control_task)
    flight_control_task_create               0x08006331   Thumb Code    26  flight_control_task.o(i.flight_control_task_create)
    imu_pretreat_task                        0x08006369   Thumb Code    62  imu_task.o(i.imu_pretreat_task)
    imu_read_task                            0x080063b1   Thumb Code    46  imu_task.o(i.imu_read_task)
    imu_task_create                          0x080063e5   Thumb Code    48  imu_task.o(i.imu_task_create)
    inv_sqrt                                 0x08006449   Thumb Code    48  imu.o(i.inv_sqrt)
    kalmanCreate                             0x0800647d   Thumb Code    50  kalman.o(i.kalmanCreate)
    led_task                                 0x080064b5   Thumb Code    84  led_task.o(i.led_task)
    led_task_create                          0x08006509   Thumb Code    24  led_task.o(i.led_task_create)
    main                                     0x08006535   Thumb Code    22  main.o(i.main)
    mode_task                                0x0800654d   Thumb Code    66  mode_task.o(i.mode_task)
    mode_task_create                         0x0800659d   Thumb Code    26  mode_task.o(i.mode_task_create)
    navigation_task                          0x080065cd   Thumb Code    22  navigation_task.o(i.navigation_task)
    navigation_task_create                   0x080065e5   Thumb Code    26  navigation_task.o(i.navigation_task_create)
    pvPortMalloc                             0x080070f5   Thumb Code   296  heap_4.o(i.pvPortMalloc)
    pvTaskIncrementMutexHeldCount            0x08007231   Thumb Code    26  tasks.o(i.pvTaskIncrementMutexHeldCount)
    pxPortInitialiseStack                    0x08007251   Thumb Code    38  port.o(i.pxPortInitialiseStack)
    sensor_pretreat_task                     0x0800727d   Thumb Code   220  sensor_task.o(i.sensor_pretreat_task)
    sensor_read_task                         0x08007385   Thumb Code    58  sensor_task.o(i.sensor_read_task)
    sensor_task_create                       0x080073d1   Thumb Code    46  sensor_task.o(i.sensor_task_create)
    sqrt                                     0x0800743d   Thumb Code   110  sqrt.o(i.sqrt)
    start_task                               0x080074ad   Thumb Code    56  task_init.o(i.start_task)
    start_task_create                        0x080074ed   Thumb Code    28  task_init.o(i.start_task_create)
    ulTaskNotifyTake                         0x0800751d   Thumb Code   108  tasks.o(i.ulTaskNotifyTake)
    uxListRemove                             0x08007591   Thumb Code    40  list.o(i.uxListRemove)
    vListInitialise                          0x080075b9   Thumb Code    26  list.o(i.vListInitialise)
    vListInitialiseItem                      0x080075d3   Thumb Code     6  list.o(i.vListInitialiseItem)
    vListInsert                              0x080075d9   Thumb Code    52  list.o(i.vListInsert)
    vListInsertEnd                           0x0800760d   Thumb Code    24  list.o(i.vListInsertEnd)
    vPortEnterCritical                       0x08007625   Thumb Code    76  port.o(i.vPortEnterCritical)
    vPortExitCritical                        0x08007679   Thumb Code    56  port.o(i.vPortExitCritical)
    vPortFree                                0x080076b5   Thumb Code   140  heap_4.o(i.vPortFree)
    vPortSetupTimerInterrupt                 0x08007749   Thumb Code    26  port.o(i.vPortSetupTimerInterrupt)
    vPortValidateInterruptPriority           0x08007769   Thumb Code   106  port.o(i.vPortValidateInterruptPriority)
    vQueueAddToRegistry                      0x080077e1   Thumb Code    38  queue.o(i.vQueueAddToRegistry)
    vQueueWaitForMessageRestricted           0x0800780d   Thumb Code    74  queue.o(i.vQueueWaitForMessageRestricted)
    vTaskDelay                               0x08007859   Thumb Code    82  tasks.o(i.vTaskDelay)
    vTaskDelayUntil                          0x080078b5   Thumb Code   200  tasks.o(i.vTaskDelayUntil)
    vTaskDelete                              0x08007989   Thumb Code   202  tasks.o(i.vTaskDelete)
    vTaskMissedYield                         0x08007a7d   Thumb Code     8  tasks.o(i.vTaskMissedYield)
    vTaskPlaceOnEventList                    0x08007a89   Thumb Code    52  tasks.o(i.vTaskPlaceOnEventList)
    vTaskPlaceOnEventListRestricted          0x08007ac1   Thumb Code    60  tasks.o(i.vTaskPlaceOnEventListRestricted)
    vTaskPriorityInherit                     0x08007b01   Thumb Code   164  tasks.o(i.vTaskPriorityInherit)
    vTaskSetTimeOutState                     0x08007bb1   Thumb Code    38  tasks.o(i.vTaskSetTimeOutState)
    vTaskStartScheduler                      0x08007be1   Thumb Code   118  tasks.o(i.vTaskStartScheduler)
    vTaskSuspendAll                          0x08007c75   Thumb Code    12  tasks.o(i.vTaskSuspendAll)
    vTaskSwitchContext                       0x08007c85   Thumb Code   118  tasks.o(i.vTaskSwitchContext)
    xEventGroupCreate                        0x08007d11   Thumb Code    26  event_groups.o(i.xEventGroupCreate)
    xPortStartScheduler                      0x08007d2d   Thumb Code   288  port.o(i.xPortStartScheduler)
    xPortSysTickHandler                      0x08007e69   Thumb Code    46  port.o(i.xPortSysTickHandler)
    xQueueGenericCreate                      0x08007e9d   Thumb Code    88  queue.o(i.xQueueGenericCreate)
    xQueueGenericReceive                     0x08007ef5   Thumb Code   446  queue.o(i.xQueueGenericReceive)
    xQueueGenericReset                       0x080080b9   Thumb Code   146  queue.o(i.xQueueGenericReset)
    xQueueGenericSend                        0x08008151   Thumb Code   420  queue.o(i.xQueueGenericSend)
    xQueueGenericSendFromISR                 0x080082f9   Thumb Code   248  queue.o(i.xQueueGenericSendFromISR)
    xTaskCheckForTimeOut                     0x080083f1   Thumb Code   132  tasks.o(i.xTaskCheckForTimeOut)
    xTaskCreate                              0x0800847d   Thumb Code    96  tasks.o(i.xTaskCreate)
    xTaskGenericNotify                       0x080084dd   Thumb Code   242  tasks.o(i.xTaskGenericNotify)
    xTaskGetSchedulerState                   0x080085e1   Thumb Code    24  tasks.o(i.xTaskGetSchedulerState)
    xTaskGetTickCount                        0x08008601   Thumb Code     6  tasks.o(i.xTaskGetTickCount)
    xTaskIncrementTick                       0x0800860d   Thumb Code   282  tasks.o(i.xTaskIncrementTick)
    xTaskPriorityDisinherit                  0x08008755   Thumb Code   188  tasks.o(i.xTaskPriorityDisinherit)
    xTaskRemoveFromEventList                 0x0800881d   Thumb Code   128  tasks.o(i.xTaskRemoveFromEventList)
    xTaskResumeAll                           0x080088b5   Thumb Code   224  tasks.o(i.xTaskResumeAll)
    xTimerCreateTimerTask                    0x080089b9   Thumb Code    66  timers.o(i.xTimerCreateTimerTask)
    xTimerGenericCommand                     0x08008a11   Thumb Code   126  timers.o(i.xTimerGenericCommand)
    __aeabi_dneg                             0x08008a95   Thumb Code     0  basic.o(x$fpl$basic)
    _dneg                                    0x08008a95   Thumb Code     6  basic.o(x$fpl$basic)
    __aeabi_fneg                             0x08008a9b   Thumb Code     0  basic.o(x$fpl$basic)
    _fneg                                    0x08008a9b   Thumb Code     6  basic.o(x$fpl$basic)
    _dabs                                    0x08008aa1   Thumb Code     6  basic.o(x$fpl$basic)
    _fabs                                    0x08008aa7   Thumb Code     6  basic.o(x$fpl$basic)
    __aeabi_d2f                              0x08008aad   Thumb Code     0  d2f.o(x$fpl$d2f)
    _d2f                                     0x08008aad   Thumb Code    98  d2f.o(x$fpl$d2f)
    __aeabi_dadd                             0x08008b11   Thumb Code     0  daddsub_clz.o(x$fpl$dadd)
    _dadd                                    0x08008b11   Thumb Code   332  daddsub_clz.o(x$fpl$dadd)
    __fpl_dcheck_NaN1                        0x08008c61   Thumb Code    10  dcheck1.o(x$fpl$dcheck1)
    __fpl_dcmp_Inf                           0x08008c71   Thumb Code    24  dcmpi.o(x$fpl$dcmpinf)
    __aeabi_ddiv                             0x08008c89   Thumb Code     0  ddiv.o(x$fpl$ddiv)
    _ddiv                                    0x08008c89   Thumb Code   552  ddiv.o(x$fpl$ddiv)
    __aeabi_cdcmpeq                          0x08008f39   Thumb Code     0  deqf.o(x$fpl$deqf)
    _dcmpeq                                  0x08008f39   Thumb Code   120  deqf.o(x$fpl$deqf)
    __aeabi_d2iz                             0x08008fb1   Thumb Code     0  dfix.o(x$fpl$dfix)
    _dfix                                    0x08008fb1   Thumb Code    94  dfix.o(x$fpl$dfix)
    __aeabi_i2d                              0x0800900f   Thumb Code     0  dflt_clz.o(x$fpl$dflt)
    _dflt                                    0x0800900f   Thumb Code    46  dflt_clz.o(x$fpl$dflt)
    __aeabi_ui2d                             0x0800903d   Thumb Code     0  dflt_clz.o(x$fpl$dfltu)
    _dfltu                                   0x0800903d   Thumb Code    38  dflt_clz.o(x$fpl$dfltu)
    __aeabi_cdcmple                          0x08009065   Thumb Code     0  dleqf.o(x$fpl$dleqf)
    _dcmple                                  0x08009065   Thumb Code   120  dleqf.o(x$fpl$dleqf)
    __fpl_dcmple_InfNaN                      0x080090c7   Thumb Code     0  dleqf.o(x$fpl$dleqf)
    __aeabi_dmul                             0x080090dd   Thumb Code     0  dmul.o(x$fpl$dmul)
    _dmul                                    0x080090dd   Thumb Code   332  dmul.o(x$fpl$dmul)
    __fpl_dnaninf                            0x08009231   Thumb Code   156  dnaninf.o(x$fpl$dnaninf)
    __fpl_dretinf                            0x080092cd   Thumb Code    12  dretinf.o(x$fpl$dretinf)
    __aeabi_cdrcmple                         0x080092d9   Thumb Code     0  drleqf.o(x$fpl$drleqf)
    _drcmple                                 0x080092d9   Thumb Code   108  drleqf.o(x$fpl$drleqf)
    __aeabi_drsub                            0x08009345   Thumb Code     0  daddsub_clz.o(x$fpl$drsb)
    _drsb                                    0x08009345   Thumb Code    22  daddsub_clz.o(x$fpl$drsb)
    _dsqrt                                   0x0800935d   Thumb Code   404  dsqrt_umaal.o(x$fpl$dsqrt)
    __aeabi_dsub                             0x080094f5   Thumb Code     0  daddsub_clz.o(x$fpl$dsub)
    _dsub                                    0x080094f5   Thumb Code   464  daddsub_clz.o(x$fpl$dsub)
    __aeabi_f2d                              0x080096c9   Thumb Code     0  f2d.o(x$fpl$f2d)
    _f2d                                     0x080096c9   Thumb Code    86  f2d.o(x$fpl$f2d)
    __aeabi_ul2f                             0x0800971f   Thumb Code     0  ffltll_clz.o(x$fpl$ffltll)
    _ll_uto_f                                0x0800971f   Thumb Code     6  ffltll_clz.o(x$fpl$ffltll)
    __aeabi_l2f                              0x08009725   Thumb Code     0  ffltll_clz.o(x$fpl$ffltll)
    _ll_sto_f                                0x08009725   Thumb Code    90  ffltll_clz.o(x$fpl$ffltll)
    __fpl_fnaninf                            0x0800977f   Thumb Code   140  fnaninf.o(x$fpl$fnaninf)
    _fp_init                                 0x0800980b   Thumb Code    10  fpinit.o(x$fpl$fpinit)
    __fplib_config_fpu_vfp                   0x08009813   Thumb Code     0  fpinit.o(x$fpl$fpinit)
    __fplib_config_pureend_doubles           0x08009813   Thumb Code     0  fpinit.o(x$fpl$fpinit)
    __fpl_fretinf                            0x08009815   Thumb Code    10  fretinf.o(x$fpl$fretinf)
    __fpl_return_NaN                         0x0800981f   Thumb Code   100  retnan.o(x$fpl$retnan)
    __ARM_scalbn                             0x08009883   Thumb Code    92  scalbn.o(x$fpl$scalbn)
    __fpl_cmpreturn                          0x080098df   Thumb Code    48  trapv.o(x$fpl$trapveneer)
    __I$use$fp                               0x0800990e   Number         0  usenofp.o(x$fpl$usenofp)
    __mathlib_zero                           0x08009a80   Data           8  qnan.o(.constdata)
    Region$$Table$$Base                      0x08009a88   Number         0  anon$$obj.o(Region$$Table)
    Region$$Table$$Limit                     0x08009aa8   Number         0  anon$$obj.o(Region$$Table)
    SystemCoreClock                          0x20000000   Data           4  system_stm32f4xx.o(.data)
    AHBPrescTable                            0x20000004   Data          16  system_stm32f4xx.o(.data)
    BMI088_ACCEL_SEN                         0x20000014   Data           4  bmi088driver.o(.data)
    BMI088_GYRO_SEN                          0x20000018   Data           4  bmi088driver.o(.data)
    mpu_kalman_gx                            0x20000040   Data           4  bmi088driver.o(.data)
    mpu_kalman_gy                            0x20000044   Data           4  bmi088driver.o(.data)
    mpu_kalman_gz                            0x20000048   Data           4  bmi088driver.o(.data)
    low_filter_coefficient                   0x2000004c   Data           4  bmi088driver.o(.data)
    DR16_Signal                              0x20000068   Data           4  dr16.o(.data)
    q0                                       0x2000006c   Data           4  imu.o(.data)
    q1                                       0x20000070   Data           4  imu.o(.data)
    q2                                       0x20000074   Data           4  imu.o(.data)
    q3                                       0x20000078   Data           4  imu.o(.data)
    exInt                                    0x2000007c   Data           4  imu.o(.data)
    eyInt                                    0x20000080   Data           4  imu.o(.data)
    ezInt                                    0x20000084   Data           4  imu.o(.data)
    last_update                              0x200000ac   Data           4  imu.o(.data)
    now_update                               0x200000b0   Data           4  imu.o(.data)
    ist_buff                                 0x200000c4   Data           6  imu.o(.data)
    imu_tick_counts                          0x200000cc   Data           4  tim6.o(.data)
    Yaw_Angle                                0x200000d0   Data           4  tim6.o(.data)
    g_z                                      0x200000d4   Data           4  tim6.o(.data)
    CC_Rising_Flag                           0x200000d8   Data           4  sr04.o(.data)
    cap_success                              0x200000dc   Data           4  sr04.o(.data)
    ms10                                     0x200000e0   Data           4  sr04.o(.data)
    Last_HC_Time                             0x200000e4   Data           4  sr04.o(.data)
    HC_Time                                  0x200000e8   Data           4  sr04.o(.data)
    HC_Time_Delta                            0x200000ec   Data           4  sr04.o(.data)
    StartTask_Handler                        0x200000f4   Data           4  task_init.o(.data)
    EventGroupHandler                        0x200000f8   Data           4  task_init.o(.data)
    LED_Task_Handler                         0x200000fc   Data           4  led_task.o(.data)
    IMU_Read_Task_Handler                    0x20000100   Data           4  imu_task.o(.data)
    IMU_PreTreat_Task_Handler                0x20000104   Data           4  imu_task.o(.data)
    freq                                     0x20000108   Data           4  imu_task.o(.data)
    Sensor_Read_Task_Handler                 0x2000010c   Data           4  sensor_task.o(.data)
    Sensor_PreTreat_Task_Handler             0x20000110   Data           4  sensor_task.o(.data)
    pressure                                 0x20000114   Data           4  sensor_task.o(.data)
    temperature                              0x20000118   Data           4  sensor_task.o(.data)
    altitude                                 0x2000011c   Data           4  sensor_task.o(.data)
    SR04_CC_Value                            0x20000120   Data           4  sensor_task.o(.data)
    Distance                                 0x20000124   Data           4  sensor_task.o(.data)
    velocity_z                               0x20000128   Data           4  sensor_task.o(.data)
    alt_last                                 0x2000012c   Data           4  sensor_task.o(.data)
    Navigation_Task_Handler                  0x20000138   Data           4  navigation_task.o(.data)
    Flight_Control_Task_Handler              0x20000140   Data           4  flight_control_task.o(.data)
    rol_aim                                  0x20000144   Data           4  flight_control_task.o(.data)
    pit_aim                                  0x20000148   Data           4  flight_control_task.o(.data)
    yaw_aim                                  0x2000014c   Data           4  flight_control_task.o(.data)
    throttle_aim                             0x20000150   Data           8  flight_control_task.o(.data)
    stay_status                              0x20000158   Data           4  flight_control_task.o(.data)
    stay_flag                                0x2000015c   Data           4  flight_control_task.o(.data)
    Throttle                                 0x20000160   Data           4  flight_control_task.o(.data)
    Roll_Out                                 0x20000164   Data           4  flight_control_task.o(.data)
    Pitch_Out                                0x20000168   Data           4  flight_control_task.o(.data)
    Yaw_Out                                  0x2000016c   Data           4  flight_control_task.o(.data)
    Communication_Task_Handler               0x20000174   Data           4  communication_task.o(.data)
    Mode_Task_Handler                        0x20000178   Data           4  mode_task.o(.data)
    FlightMode                               0x2000017c   Data           1  mode_task.o(.data)
    __stdout                                 0x20000188   Data           4  usart.o(.data)
    USART_RX_STA                             0x2000018c   Data           2  usart.o(.data)
    pid_pitch_angle                          0x2000018e   Data           6  usart.o(.data)
    pid_yaw_angle                            0x20000194   Data           6  usart.o(.data)
    pid_rol_angle                            0x2000019a   Data           6  usart.o(.data)
    pid_pitch_speed                          0x200001a0   Data           6  usart.o(.data)
    pid_yaw_speed                            0x200001a6   Data           6  usart.o(.data)
    pid_rol_speed                            0x200001ac   Data           6  usart.o(.data)
    pxCurrentTCB                             0x200001b4   Data           4  tasks.o(.data)
    gx_kalman                                0x20000238   Data          44  bmi088driver.o(.bss)
    gy_kalman                                0x20000264   Data          44  bmi088driver.o(.bss)
    gz_kalman                                0x20000290   Data          44  bmi088driver.o(.bss)
    gBuf                                     0x200002bc   Data          12  bmi088driver.o(.bss)
    aBuf                                     0x200002c8   Data          12  bmi088driver.o(.bss)
    bmp280Cal                                0x200002d4   Data          28  bmp280.o(.bss)
    DBUS                                     0x20000328   Data          22  dr16.o(.bss)
    mpu_buff                                 0x20000340   Data          14  imu.o(.bss)
    mpu_data                                 0x2000034e   Data          32  imu.o(.bss)
    imu                                      0x20000370   Data          52  imu.o(.bss)
    PID_Chassis                              0x200003a4   Data         320  pid.o(.bss)
    PID_Gimbal_Angle                         0x200004e4   Data         160  pid.o(.bss)
    PID_Gimbal_Speed                         0x20000584   Data         160  pid.o(.bss)
    PID_Chassis_Omega                        0x20000624   Data          80  pid.o(.bss)
    PID_Shoot                                0x20000674   Data         160  pid.o(.bss)
    PID_Trigger                              0x20000714   Data          80  pid.o(.bss)
    PID_UAV_Angle                            0x20000764   Data         240  pid.o(.bss)
    PID_UAV_Speed                            0x20000854   Data         240  pid.o(.bss)
    PID_UAV_Throttle                         0x20000944   Data          80  pid.o(.bss)
    UPFLOW_rx_buff                           0x20000994   Data          14  upflow.o(.bss)
    UPFLOW_tx_buff                           0x200009a2   Data          10  upflow.o(.bss)
    UPFLOW_Data                              0x200009ac   Data          16  upflow.o(.bss)
    OpticalFlow_Ringbuf                      0x200009bc   Data          56  upflow.o(.bss)
    opt_data                                 0x200009f4   Data          12  upflow.o(.bss)
    opt_origin_data                          0x20000a00   Data          28  upflow.o(.bss)
    OpticalFlow_Parameter                    0x20000a1c   Data          24  upflow.o(.bss)
    OpticalFlow_Gyro_Parameter               0x20000a34   Data          24  upflow.o(.bss)
    Buffer_OpticalFlow                       0x20000a4c   Data          48  upflow.o(.bss)
    Buffer_OpticalFlow_Gyro                  0x20000a7c   Data          48  upflow.o(.bss)
    UAV_Speed                                0x20000aac   Data          16  flight_control_task.o(.bss)
    Task_Freq                                0x20000abc   Data          36  detect_task.o(.bss)
    Task_Freq_Tick                           0x20000ae0   Data          36  detect_task.o(.bss)
    USART_RX_BUF                             0x20000b04   Data         200  usart.o(.bss)
    User_tx_buff                             0x20000bcc   Data          44  usart.o(.bss)
    User_rx_buff                             0x20000bf8   Data          76  usart.o(.bss)
    xQueueRegistry                           0x20000c44   Data          64  queue.o(.bss)
    __libspace_start                         0x20013a3c   Data          96  libspace.o(.bss)
    __temporary_stack_top$libspace           0x20013a9c   Data           0  libspace.o(.bss)



==============================================================================

Memory Map of the image

  Image Entry point : 0x08000189

  Load Region LR_IROM1 (Base: 0x08000000, Size: 0x00009ce0, Max: 0x00100000, ABSOLUTE, COMPRESSED[0x00009b10])

    Execution Region ER_IROM1 (Exec base: 0x08000000, Load base: 0x08000000, Size: 0x00009aa8, Max: 0x00100000, ABSOLUTE)

    Exec Addr    Load Addr    Size         Type   Attr      Idx    E Section Name        Object

    0x08000000   0x08000000   0x00000188   Data   RO         4876    RESET               startup_stm32f40_41xxx.o
    0x08000188   0x08000188   0x00000008   Code   RO         4923  * !!!main             c_w.l(__main.o)
    0x08000190   0x08000190   0x00000034   Code   RO         5308    !!!scatter          c_w.l(__scatter.o)
    0x080001c4   0x080001c4   0x0000005a   Code   RO         5306    !!dczerorl2         c_w.l(__dczerorl2.o)
    0x0800021e   0x0800021e   0x00000002   PAD
    0x08000220   0x08000220   0x0000001c   Code   RO         5310    !!handler_zi        c_w.l(__scatter_zi.o)
    0x0800023c   0x0800023c   0x00000002   Code   RO         5173    .ARM.Collect$$libinit$$00000000  c_w.l(libinit.o)
    0x0800023e   0x0800023e   0x00000004   Code   RO         5182    .ARM.Collect$$libinit$$00000001  c_w.l(libinit2.o)
    0x08000242   0x08000242   0x00000000   Code   RO         5185    .ARM.Collect$$libinit$$00000004  c_w.l(libinit2.o)
    0x08000242   0x08000242   0x00000000   Code   RO         5188    .ARM.Collect$$libinit$$0000000A  c_w.l(libinit2.o)
    0x08000242   0x08000242   0x00000000   Code   RO         5190    .ARM.Collect$$libinit$$0000000C  c_w.l(libinit2.o)
    0x08000242   0x08000242   0x00000000   Code   RO         5192    .ARM.Collect$$libinit$$0000000E  c_w.l(libinit2.o)
    0x08000242   0x08000242   0x00000000   Code   RO         5195    .ARM.Collect$$libinit$$00000011  c_w.l(libinit2.o)
    0x08000242   0x08000242   0x00000000   Code   RO         5197    .ARM.Collect$$libinit$$00000013  c_w.l(libinit2.o)
    0x08000242   0x08000242   0x00000000   Code   RO         5199    .ARM.Collect$$libinit$$00000015  c_w.l(libinit2.o)
    0x08000242   0x08000242   0x00000000   Code   RO         5201    .ARM.Collect$$libinit$$00000017  c_w.l(libinit2.o)
    0x08000242   0x08000242   0x00000000   Code   RO         5203    .ARM.Collect$$libinit$$00000019  c_w.l(libinit2.o)
    0x08000242   0x08000242   0x00000000   Code   RO         5205    .ARM.Collect$$libinit$$0000001B  c_w.l(libinit2.o)
    0x08000242   0x08000242   0x00000000   Code   RO         5207    .ARM.Collect$$libinit$$0000001D  c_w.l(libinit2.o)
    0x08000242   0x08000242   0x00000000   Code   RO         5209    .ARM.Collect$$libinit$$0000001F  c_w.l(libinit2.o)
    0x08000242   0x08000242   0x00000000   Code   RO         5211    .ARM.Collect$$libinit$$00000021  c_w.l(libinit2.o)
    0x08000242   0x08000242   0x00000000   Code   RO         5213    .ARM.Collect$$libinit$$00000023  c_w.l(libinit2.o)
    0x08000242   0x08000242   0x00000000   Code   RO         5215    .ARM.Collect$$libinit$$00000025  c_w.l(libinit2.o)
    0x08000242   0x08000242   0x00000000   Code   RO         5219    .ARM.Collect$$libinit$$0000002C  c_w.l(libinit2.o)
    0x08000242   0x08000242   0x00000000   Code   RO         5221    .ARM.Collect$$libinit$$0000002E  c_w.l(libinit2.o)
    0x08000242   0x08000242   0x00000000   Code   RO         5223    .ARM.Collect$$libinit$$00000030  c_w.l(libinit2.o)
    0x08000242   0x08000242   0x00000000   Code   RO         5225    .ARM.Collect$$libinit$$00000032  c_w.l(libinit2.o)
    0x08000242   0x08000242   0x00000002   Code   RO         5226    .ARM.Collect$$libinit$$00000033  c_w.l(libinit2.o)
    0x08000244   0x08000244   0x00000002   Code   RO         5256    .ARM.Collect$$libshutdown$$00000000  c_w.l(libshutdown.o)
    0x08000246   0x08000246   0x00000000   Code   RO         5270    .ARM.Collect$$libshutdown$$00000002  c_w.l(libshutdown2.o)
    0x08000246   0x08000246   0x00000000   Code   RO         5272    .ARM.Collect$$libshutdown$$00000004  c_w.l(libshutdown2.o)
    0x08000246   0x08000246   0x00000000   Code   RO         5274    .ARM.Collect$$libshutdown$$00000006  c_w.l(libshutdown2.o)
    0x08000246   0x08000246   0x00000000   Code   RO         5277    .ARM.Collect$$libshutdown$$00000009  c_w.l(libshutdown2.o)
    0x08000246   0x08000246   0x00000000   Code   RO         5280    .ARM.Collect$$libshutdown$$0000000C  c_w.l(libshutdown2.o)
    0x08000246   0x08000246   0x00000000   Code   RO         5282    .ARM.Collect$$libshutdown$$0000000E  c_w.l(libshutdown2.o)
    0x08000246   0x08000246   0x00000000   Code   RO         5285    .ARM.Collect$$libshutdown$$00000011  c_w.l(libshutdown2.o)
    0x08000246   0x08000246   0x00000002   Code   RO         5286    .ARM.Collect$$libshutdown$$00000012  c_w.l(libshutdown2.o)
    0x08000248   0x08000248   0x00000000   Code   RO         5039    .ARM.Collect$$rtentry$$00000000  c_w.l(__rtentry.o)
    0x08000248   0x08000248   0x00000000   Code   RO         5124    .ARM.Collect$$rtentry$$00000002  c_w.l(__rtentry2.o)
    0x08000248   0x08000248   0x00000006   Code   RO         5136    .ARM.Collect$$rtentry$$00000004  c_w.l(__rtentry4.o)
    0x0800024e   0x0800024e   0x00000000   Code   RO         5126    .ARM.Collect$$rtentry$$00000009  c_w.l(__rtentry2.o)
    0x0800024e   0x0800024e   0x00000004   Code   RO         5127    .ARM.Collect$$rtentry$$0000000A  c_w.l(__rtentry2.o)
    0x08000252   0x08000252   0x00000000   Code   RO         5129    .ARM.Collect$$rtentry$$0000000C  c_w.l(__rtentry2.o)
    0x08000252   0x08000252   0x00000008   Code   RO         5130    .ARM.Collect$$rtentry$$0000000D  c_w.l(__rtentry2.o)
    0x0800025a   0x0800025a   0x00000002   Code   RO         5176    .ARM.Collect$$rtexit$$00000000  c_w.l(rtexit.o)
    0x0800025c   0x0800025c   0x00000000   Code   RO         5230    .ARM.Collect$$rtexit$$00000002  c_w.l(rtexit2.o)
    0x0800025c   0x0800025c   0x00000004   Code   RO         5231    .ARM.Collect$$rtexit$$00000003  c_w.l(rtexit2.o)
    0x08000260   0x08000260   0x00000006   Code   RO         5232    .ARM.Collect$$rtexit$$00000004  c_w.l(rtexit2.o)
    0x08000266   0x08000266   0x00000002   PAD
    0x08000268   0x08000268   0x000000b6   Code   RO         2561    .emb_text           port.o
    0x0800031e   0x0800031e   0x00000002   PAD
    0x08000320   0x08000320   0x00000040   Code   RO         4877    .text               startup_stm32f40_41xxx.o
    0x08000360   0x08000360   0x00000002   Code   RO         4909    .text               c_w.l(use_no_semi_2.o)
    0x08000362   0x08000362   0x00000048   Code   RO         4911    .text               c_w.l(llsdiv.o)
    0x080003aa   0x080003aa   0x0000008a   Code   RO         4917    .text               c_w.l(rt_memcpy_v6.o)
    0x08000434   0x08000434   0x00000010   Code   RO         4919    .text               c_w.l(aeabi_memset.o)
    0x08000444   0x08000444   0x00000006   Code   RO         4921    .text               c_w.l(heapauxi.o)
    0x0800044a   0x0800044a   0x00000002   Code   RO         5037    .text               c_w.l(use_no_semi.o)
    0x0800044c   0x0800044c   0x000000ee   Code   RO         5040    .text               c_w.l(lludivv7m.o)
    0x0800053a   0x0800053a   0x00000016   Code   RO         5042    .text               c_w.l(_rserrno.o)
    0x08000550   0x08000550   0x00000064   Code   RO         5046    .text               c_w.l(rt_memcpy_w.o)
    0x080005b4   0x080005b4   0x00000044   Code   RO         5048    .text               c_w.l(rt_memclr.o)
    0x080005f8   0x080005f8   0x00000008   Code   RO         5145    .text               c_w.l(rt_errno_addr_intlibspace.o)
    0x08000600   0x08000600   0x0000004e   Code   RO         5153    .text               c_w.l(rt_memclr_w.o)
    0x0800064e   0x0800064e   0x00000002   PAD
    0x08000650   0x08000650   0x00000008   Code   RO         5157    .text               c_w.l(libspace.o)
    0x08000658   0x08000658   0x0000004a   Code   RO         5160    .text               c_w.l(sys_stackheap_outer.o)
    0x080006a2   0x080006a2   0x00000012   Code   RO         5166    .text               c_w.l(exit.o)
    0x080006b4   0x080006b4   0x00000010   Code   RO          501    i.BMI088_ACCEL_NS_H  bmi088driver.o
    0x080006c4   0x080006c4   0x00000010   Code   RO          502    i.BMI088_ACCEL_NS_L  bmi088driver.o
    0x080006d4   0x080006d4   0x00000010   Code   RO          503    i.BMI088_GYRO_NS_H  bmi088driver.o
    0x080006e4   0x080006e4   0x00000010   Code   RO          504    i.BMI088_GYRO_NS_L  bmi088driver.o
    0x080006f4   0x080006f4   0x000003c8   Code   RO          505    i.BMI088_Get_Data   bmi088driver.o
    0x08000abc   0x08000abc   0x00000022   Code   RO          506    i.BMI088_Init       bmi088driver.o
    0x08000ade   0x08000ade   0x00000002   PAD
    0x08000ae0   0x08000ae0   0x00000190   Code   RO          507    i.BMI088_Offset_Cali  bmi088driver.o
    0x08000c70   0x08000c70   0x00000140   Code   RO          481    i.BMI088_SPI_Init   bmi088.o
    0x08000db0   0x08000db0   0x00000026   Code   RO          509    i.BMI088_read_muli_reg  bmi088driver.o
    0x08000dd6   0x08000dd6   0x00000018   Code   RO          510    i.BMI088_read_single_reg  bmi088driver.o
    0x08000dee   0x08000dee   0x00000002   PAD
    0x08000df0   0x08000df0   0x00000038   Code   RO          511    i.BMI088_read_write_byte  bmi088driver.o
    0x08000e28   0x08000e28   0x00000014   Code   RO          513    i.BMI088_write_single_reg  bmi088driver.o
    0x08000e3c   0x08000e3c   0x00000050   Code   RO          611    i.BMP_IIC_Ack       bmp280.o
    0x08000e8c   0x08000e8c   0x00000048   Code   RO          612    i.BMP_IIC_Init      bmp280.o
    0x08000ed4   0x08000ed4   0x00000050   Code   RO          613    i.BMP_IIC_NAck      bmp280.o
    0x08000f24   0x08000f24   0x0000006c   Code   RO          614    i.BMP_IIC_Read_Byte  bmp280.o
    0x08000f90   0x08000f90   0x00000068   Code   RO          615    i.BMP_IIC_Send_Byte  bmp280.o
    0x08000ff8   0x08000ff8   0x0000004c   Code   RO          616    i.BMP_IIC_Start     bmp280.o
    0x08001044   0x08001044   0x0000004c   Code   RO          617    i.BMP_IIC_Stop      bmp280.o
    0x08001090   0x08001090   0x00000060   Code   RO          618    i.BMP_IIC_Wait_Ack  bmp280.o
    0x080010f0   0x080010f0   0x00000060   Code   RO          619    i.BMP_iicDevRead    bmp280.o
    0x08001150   0x08001150   0x00000040   Code   RO          620    i.BMP_iicDevReadByte  bmp280.o
    0x08001190   0x08001190   0x00000030   Code   RO          622    i.BMP_iicDevWriteByte  bmp280.o
    0x080011c0   0x080011c0   0x00000010   Code   RO          455    i.Beep_Ctrl         beep.o
    0x080011d0   0x080011d0   0x000000a0   Code   RO          456    i.Beep_Init         beep.o
    0x08001270   0x08001270   0x0000002e   Code   RO          403    i.Board_Init        board.o
    0x0800129e   0x0800129e   0x00000004   Code   RO          287    i.BusFault_Handler  stm32f4xx_it.o
    0x080012a2   0x080012a2   0x00000002   PAD
    0x080012a4   0x080012a4   0x00000030   Code   RO         1619    i.DMA2_Stream6_IRQHandler  usart.o
    0x080012d4   0x080012d4   0x00000030   Code   RO         1098    i.DMA2_Stream7_IRQHandler  upflow.o
    0x08001304   0x08001304   0x00000034   Code   RO         2685    i.DMA_ClearITPendingBit  stm32f4xx_dma.o
    0x08001338   0x08001338   0x00000016   Code   RO         2686    i.DMA_Cmd           stm32f4xx_dma.o
    0x0800134e   0x0800134e   0x00000002   PAD
    0x08001350   0x08001350   0x00000158   Code   RO         2687    i.DMA_DeInit        stm32f4xx_dma.o
    0x080014a8   0x080014a8   0x00000016   Code   RO         2688    i.DMA_DoubleBufferModeCmd  stm32f4xx_dma.o
    0x080014be   0x080014be   0x00000018   Code   RO         2689    i.DMA_DoubleBufferModeConfig  stm32f4xx_dma.o
    0x080014d6   0x080014d6   0x00000008   Code   RO         2692    i.DMA_GetCurrDataCounter  stm32f4xx_dma.o
    0x080014de   0x080014de   0x00000014   Code   RO         2693    i.DMA_GetCurrentMemoryTarget  stm32f4xx_dma.o
    0x080014f2   0x080014f2   0x00000002   PAD
    0x080014f4   0x080014f4   0x00000064   Code   RO         2696    i.DMA_GetITStatus   stm32f4xx_dma.o
    0x08001558   0x08001558   0x0000003a   Code   RO         2697    i.DMA_ITConfig      stm32f4xx_dma.o
    0x08001592   0x08001592   0x00000002   PAD
    0x08001594   0x08001594   0x00000058   Code   RO         2698    i.DMA_Init          stm32f4xx_dma.o
    0x080015ec   0x080015ec   0x00000004   Code   RO         2701    i.DMA_SetCurrDataCounter  stm32f4xx_dma.o
    0x080015f0   0x080015f0   0x000000c0   Code   RO          738    i.DR16_DataDecode   dr16.o
    0x080016b0   0x080016b0   0x00000010   Code   RO          739    i.DR16_Init         dr16.o
    0x080016c0   0x080016c0   0x00000090   Code   RO          740    i.DR16_USART_DMA_Init  dr16.o
    0x08001750   0x08001750   0x0000009c   Code   RO          741    i.DR16_USART_Init   dr16.o
    0x080017ec   0x080017ec   0x00000022   Code   RO          742    i.DR16_USART_NVIC_Init  dr16.o
    0x0800180e   0x0800180e   0x00000002   Code   RO          288    i.DebugMon_Handler  stm32f4xx_it.o
    0x08001810   0x08001810   0x00000078   Code   RO         1056    i.EXTI9_5_IRQHandler  sr04.o
    0x08001888   0x08001888   0x0000000c   Code   RO         2813    i.EXTI_ClearITPendingBit  stm32f4xx_exti.o
    0x08001894   0x08001894   0x00000018   Code   RO         2817    i.EXTI_GetITStatus  stm32f4xx_exti.o
    0x080018ac   0x080018ac   0x00000090   Code   RO         3129    i.GPIO_Init         stm32f4xx_gpio.o
    0x0800193c   0x0800193c   0x00000046   Code   RO         3130    i.GPIO_PinAFConfig  stm32f4xx_gpio.o
    0x08001982   0x08001982   0x00000012   Code   RO         3133    i.GPIO_ReadInputDataBit  stm32f4xx_gpio.o
    0x08001994   0x08001994   0x00000004   Code   RO         3136    i.GPIO_ResetBits    stm32f4xx_gpio.o
    0x08001998   0x08001998   0x00000004   Code   RO         3137    i.GPIO_SetBits      stm32f4xx_gpio.o
    0x0800199c   0x0800199c   0x00000008   Code   RO         3139    i.GPIO_ToggleBits   stm32f4xx_gpio.o
    0x080019a4   0x080019a4   0x0000004c   Code   RO         1337    i.GetSysTimeUs      sensor_task.o
    0x080019f0   0x080019f0   0x00000004   Code   RO          289    i.HardFault_Handler  stm32f4xx_it.o
    0x080019f4   0x080019f4   0x00000770   Code   RO          795    i.IMU_Ahrs_Update   imu.o
    0x08002164   0x08002164   0x00000208   Code   RO          796    i.IMU_Attitude_Update  imu.o
    0x0800236c   0x0800236c   0x00000086   Code   RO         4883    i.KalmanFilter      kalman.o
    0x080023f2   0x080023f2   0x00000002   PAD
    0x080023f4   0x080023f4   0x0000003c   Code   RO          429    i.LED_Init          led.o
    0x08002430   0x08002430   0x00000014   Code   RO          430    i.LED_Run           led.o
    0x08002444   0x08002444   0x00000004   Code   RO          290    i.MemManage_Handler  stm32f4xx_it.o
    0x08002448   0x08002448   0x00000078   Code   RO         1486    i.Mode_Switch       mode_task.o
    0x080024c0   0x080024c0   0x00000002   Code   RO          291    i.NMI_Handler       stm32f4xx_it.o
    0x080024c2   0x080024c2   0x00000002   PAD
    0x080024c4   0x080024c4   0x00000078   Code   RO         2640    i.NVIC_Init         misc.o
    0x0800253c   0x0800253c   0x00000014   Code   RO         2641    i.NVIC_PriorityGroupConfig  misc.o
    0x08002550   0x08002550   0x000001e0   Code   RO          937    i.Pid_Calc          pid.o
    0x08002730   0x08002730   0x000000a0   Code   RO          938    i.Pid_Reset         pid.o
    0x080027d0   0x080027d0   0x0000002e   Code   RO          939    i.Pid_Set           pid.o
    0x080027fe   0x080027fe   0x00000002   PAD
    0x08002800   0x08002800   0x00000020   Code   RO         3572    i.RCC_AHB1PeriphClockCmd  stm32f4xx_rcc.o
    0x08002820   0x08002820   0x00000020   Code   RO         3581    i.RCC_APB1PeriphClockCmd  stm32f4xx_rcc.o
    0x08002840   0x08002840   0x00000020   Code   RO         3584    i.RCC_APB2PeriphClockCmd  stm32f4xx_rcc.o
    0x08002860   0x08002860   0x00000020   Code   RO         3586    i.RCC_APB2PeriphResetCmd  stm32f4xx_rcc.o
    0x08002880   0x08002880   0x000000e8   Code   RO         3593    i.RCC_GetClocksFreq  stm32f4xx_rcc.o
    0x08002968   0x08002968   0x00000032   Code   RO         1105    i.RingBuf_Write     upflow.o
    0x0800299a   0x0800299a   0x00000002   PAD
    0x0800299c   0x0800299c   0x00000108   Code   RO          975    i.Rotor_Init        rotor.o
    0x08002aa4   0x08002aa4   0x00000018   Code   RO         3912    i.SPI_Cmd           stm32f4xx_spi.o
    0x08002abc   0x08002abc   0x00000012   Code   RO         3920    i.SPI_I2S_GetFlagStatus  stm32f4xx_spi.o
    0x08002ace   0x08002ace   0x00000006   Code   RO         3923    i.SPI_I2S_ReceiveData  stm32f4xx_spi.o
    0x08002ad4   0x08002ad4   0x00000004   Code   RO         3924    i.SPI_I2S_SendData  stm32f4xx_spi.o
    0x08002ad8   0x08002ad8   0x0000003c   Code   RO         3925    i.SPI_Init          stm32f4xx_spi.o
    0x08002b14   0x08002b14   0x000000ec   Code   RO          366    i.SetSysClock       system_stm32f4xx.o
    0x08002c00   0x08002c00   0x00000028   Code   RO         2644    i.SysTick_CLKSourceConfig  misc.o
    0x08002c28   0x08002c28   0x00000010   Code   RO         1555    i.SysTick_Handler   delay.o
    0x08002c38   0x08002c38   0x00000068   Code   RO          368    i.SystemInit        system_stm32f4xx.o
    0x08002ca0   0x08002ca0   0x00000078   Code   RO         1021    i.TIM6_DAC_IRQHandler  tim6.o
    0x08002d18   0x08002d18   0x0000005c   Code   RO         1022    i.TIM6_Init         tim6.o
    0x08002d74   0x08002d74   0x00000028   Code   RO         1059    i.TIM8_UP_TIM13_IRQHandler  sr04.o
    0x08002d9c   0x08002d9c   0x00000018   Code   RO         4130    i.TIM_ARRPreloadConfig  stm32f4xx_tim.o
    0x08002db4   0x08002db4   0x00000006   Code   RO         4137    i.TIM_ClearITPendingBit  stm32f4xx_tim.o
    0x08002dba   0x08002dba   0x00000018   Code   RO         4142    i.TIM_Cmd           stm32f4xx_tim.o
    0x08002dd2   0x08002dd2   0x0000001e   Code   RO         4144    i.TIM_CtrlPWMOutputs  stm32f4xx_tim.o
    0x08002df0   0x08002df0   0x00000022   Code   RO         4163    i.TIM_GetITStatus   stm32f4xx_tim.o
    0x08002e12   0x08002e12   0x00000012   Code   RO         4167    i.TIM_ITConfig      stm32f4xx_tim.o
    0x08002e24   0x08002e24   0x0000007c   Code   RO         4171    i.TIM_OC1Init       stm32f4xx_tim.o
    0x08002ea0   0x08002ea0   0x00000012   Code   RO         4174    i.TIM_OC1PreloadConfig  stm32f4xx_tim.o
    0x08002eb2   0x08002eb2   0x00000002   PAD
    0x08002eb4   0x08002eb4   0x000000a4   Code   RO         4176    i.TIM_OC2Init       stm32f4xx_tim.o
    0x08002f58   0x08002f58   0x0000001a   Code   RO         4179    i.TIM_OC2PreloadConfig  stm32f4xx_tim.o
    0x08002f72   0x08002f72   0x00000002   PAD
    0x08002f74   0x08002f74   0x000000a0   Code   RO         4181    i.TIM_OC3Init       stm32f4xx_tim.o
    0x08003014   0x08003014   0x00000012   Code   RO         4184    i.TIM_OC3PreloadConfig  stm32f4xx_tim.o
    0x08003026   0x08003026   0x00000002   PAD
    0x08003028   0x08003028   0x00000078   Code   RO         4186    i.TIM_OC4Init       stm32f4xx_tim.o
    0x080030a0   0x080030a0   0x0000001a   Code   RO         4188    i.TIM_OC4PreloadConfig  stm32f4xx_tim.o
    0x080030ba   0x080030ba   0x00000002   PAD
    0x080030bc   0x080030bc   0x00000084   Code   RO         4214    i.TIM_TimeBaseInit  stm32f4xx_tim.o
    0x08003140   0x08003140   0x0000002c   Code   RO         1525    i.Task_Freq_Update  detect_task.o
    0x0800316c   0x0800316c   0x00000008   Code   RO         1234    i.Task_Init         task_init.o
    0x08003174   0x08003174   0x00000580   Code   RO         1408    i.UAV_Control       flight_control_task.o
    0x080036f4   0x080036f4   0x00000238   Code   RO         1409    i.UAV_Init          flight_control_task.o
    0x0800392c   0x0800392c   0x00000034   Code   RO         1115    i.USART1_IRQHandler  upflow.o
    0x08003960   0x08003960   0x00000088   Code   RO          743    i.USART3_IRQHandler  dr16.o
    0x080039e8   0x080039e8   0x00000088   Code   RO         1620    i.USART6_IRQHandler  usart.o
    0x08003a70   0x08003a70   0x00000012   Code   RO         4688    i.USART_ClearFlag   stm32f4xx_usart.o
    0x08003a82   0x08003a82   0x0000001e   Code   RO         4689    i.USART_ClearITPendingBit  stm32f4xx_usart.o
    0x08003aa0   0x08003aa0   0x00000018   Code   RO         4692    i.USART_Cmd         stm32f4xx_usart.o
    0x08003ab8   0x08003ab8   0x00000012   Code   RO         4693    i.USART_DMACmd      stm32f4xx_usart.o
    0x08003aca   0x08003aca   0x00000054   Code   RO         4696    i.USART_GetITStatus  stm32f4xx_usart.o
    0x08003b1e   0x08003b1e   0x0000004a   Code   RO         4698    i.USART_ITConfig    stm32f4xx_usart.o
    0x08003b68   0x08003b68   0x000000d4   Code   RO         4699    i.USART_Init        stm32f4xx_usart.o
    0x08003c3c   0x08003c3c   0x0000000a   Code   RO         4706    i.USART_ReceiveData  stm32f4xx_usart.o
    0x08003c46   0x08003c46   0x00000004   Code   RO          292    i.UsageFault_Handler  stm32f4xx_it.o
    0x08003c4a   0x08003c4a   0x00000002   PAD
    0x08003c4c   0x08003c4c   0x00000378   Code   RO         1621    i.User_Data_Decode  usart.o
    0x08003fc4   0x08003fc4   0x000002dc   Code   RO         1622    i.User_Send_Data    usart.o
    0x080042a0   0x080042a0   0x000001c0   Code   RO         1623    i.User_USART_Init   usart.o
    0x08004460   0x08004460   0x00000030   Code   RO         5099    i.__ARM_fpclassify  m_wm.l(fpclassify.o)
    0x08004490   0x08004490   0x00000360   Code   RO         4955    i.__hardfp_asin     m_wm.l(asin.o)
    0x080047f0   0x080047f0   0x000002d8   Code   RO         5071    i.__hardfp_atan     m_wm.l(atan.o)
    0x08004ac8   0x08004ac8   0x00000200   Code   RO         4969    i.__hardfp_atan2    m_wm.l(atan2.o)
    0x08004cc8   0x08004cc8   0x00000014   Code   RO         4993    i.__hardfp_fabs     m_wm.l(fabs.o)
    0x08004cdc   0x08004cdc   0x00000004   PAD
    0x08004ce0   0x08004ce0   0x00000c50   Code   RO         4999    i.__hardfp_pow      m_wm.l(pow.o)
    0x08005930   0x08005930   0x0000007a   Code   RO         5013    i.__hardfp_sqrt     m_wm.l(sqrt.o)
    0x080059aa   0x080059aa   0x000000f8   Code   RO         5117    i.__kernel_poly     m_wm.l(poly.o)
    0x08005aa2   0x08005aa2   0x00000006   PAD
    0x08005aa8   0x08005aa8   0x00000030   Code   RO         5085    i.__mathlib_dbl_divzero  m_wm.l(dunder.o)
    0x08005ad8   0x08005ad8   0x00000014   Code   RO         5086    i.__mathlib_dbl_infnan  m_wm.l(dunder.o)
    0x08005aec   0x08005aec   0x00000014   Code   RO         5087    i.__mathlib_dbl_infnan2  m_wm.l(dunder.o)
    0x08005b00   0x08005b00   0x00000020   Code   RO         5088    i.__mathlib_dbl_invalid  m_wm.l(dunder.o)
    0x08005b20   0x08005b20   0x00000020   Code   RO         5089    i.__mathlib_dbl_overflow  m_wm.l(dunder.o)
    0x08005b40   0x08005b40   0x00000020   Code   RO         5091    i.__mathlib_dbl_underflow  m_wm.l(dunder.o)
    0x08005b60   0x08005b60   0x00000004   Code   RO         1624    i._sys_exit         usart.o
    0x08005b64   0x08005b64   0x00000010   Code   RO         5073    i.atan              m_wm.l(atan.o)
    0x08005b74   0x08005b74   0x00000128   Code   RO          514    i.bmi088_accel_init  bmi088driver.o
    0x08005c9c   0x08005c9c   0x000000f4   Code   RO          515    i.bmi088_gyro_init  bmi088driver.o
    0x08005d90   0x08005d90   0x000001a8   Code   RO          623    i.bmp280CompensateP  bmp280.o
    0x08005f38   0x08005f38   0x00000048   Code   RO          624    i.bmp280CompensateT  bmp280.o
    0x08005f80   0x08005f80   0x000000ac   Code   RO          625    i.bmp280GetData     bmp280.o
    0x0800602c   0x0800602c   0x0000004c   Code   RO          626    i.bmp280GetPressure  bmp280.o
    0x08006078   0x08006078   0x00000064   Code   RO          627    i.bmp280Init        bmp280.o
    0x080060dc   0x080060dc   0x000000b8   Code   RO          628    i.bmp280PressureToAltitude  bmp280.o
    0x08006194   0x08006194   0x00000014   Code   RO         1456    i.communication_task  communication_task.o
    0x080061a8   0x080061a8   0x00000038   Code   RO         1457    i.communication_task_create  communication_task.o
    0x080061e0   0x080061e0   0x00000044   Code   RO         1556    i.delay_init        delay.o
    0x08006224   0x08006224   0x00000044   Code   RO         1557    i.delay_ms          delay.o
    0x08006268   0x08006268   0x00000048   Code   RO         1558    i.delay_us          delay.o
    0x080062b0   0x080062b0   0x00000018   Code   RO         1559    i.delay_xms         delay.o
    0x080062c8   0x080062c8   0x00000018   Code   RO         4995    i.fabs              m_wm.l(fabs.o)
    0x080062e0   0x080062e0   0x00000050   Code   RO         1410    i.flight_control_task  flight_control_task.o
    0x08006330   0x08006330   0x00000038   Code   RO         1411    i.flight_control_task_create  flight_control_task.o
    0x08006368   0x08006368   0x00000048   Code   RO         1301    i.imu_pretreat_task  imu_task.o
    0x080063b0   0x080063b0   0x00000034   Code   RO         1302    i.imu_read_task     imu_task.o
    0x080063e4   0x080063e4   0x00000064   Code   RO         1303    i.imu_task_create   imu_task.o
    0x08006448   0x08006448   0x00000034   Code   RO          814    i.inv_sqrt          imu.o
    0x0800647c   0x0800647c   0x00000038   Code   RO         4884    i.kalmanCreate      kalman.o
    0x080064b4   0x080064b4   0x00000054   Code   RO         1272    i.led_task          led_task.o
    0x08006508   0x08006508   0x0000002c   Code   RO         1273    i.led_task_create   led_task.o
    0x08006534   0x08006534   0x00000016   Code   RO            3    i.main              main.o
    0x0800654a   0x0800654a   0x00000002   PAD
    0x0800654c   0x0800654c   0x00000050   Code   RO         1487    i.mode_task         mode_task.o
    0x0800659c   0x0800659c   0x00000030   Code   RO         1488    i.mode_task_create  mode_task.o
    0x080065cc   0x080065cc   0x00000016   Code   RO         1378    i.navigation_task   navigation_task.o
    0x080065e2   0x080065e2   0x00000002   PAD
    0x080065e4   0x080065e4   0x00000034   Code   RO         1379    i.navigation_task_create  navigation_task.o
    0x08006618   0x08006618   0x00000158   Code   RO          629    i.presssureFilter   bmp280.o
    0x08006770   0x08006770   0x00000098   Code   RO         2039    i.prvAddCurrentTaskToDelayedList  tasks.o
    0x08006808   0x08006808   0x000000b8   Code   RO         2040    i.prvAddNewTaskToReadyList  tasks.o
    0x080068c0   0x080068c0   0x00000064   Code   RO         2382    i.prvCheckForValidListAndQueue  timers.o
    0x08006924   0x08006924   0x00000064   Code   RO         2041    i.prvCheckTasksWaitingTermination  tasks.o
    0x08006988   0x08006988   0x0000002a   Code   RO         1838    i.prvCopyDataFromQueue  queue.o
    0x080069b2   0x080069b2   0x0000007c   Code   RO         1839    i.prvCopyDataToQueue  queue.o
    0x08006a2e   0x08006a2e   0x00000012   Code   RO         2042    i.prvDeleteTCB      tasks.o
    0x08006a40   0x08006a40   0x00000028   Code   RO         2383    i.prvGetNextExpireTime  timers.o
    0x08006a68   0x08006a68   0x0000007c   Code   RO         2512    i.prvHeapInit       heap_4.o
    0x08006ae4   0x08006ae4   0x00000028   Code   RO         2043    i.prvIdleTask       tasks.o
    0x08006b0c   0x08006b0c   0x0000002a   Code   RO         1841    i.prvInitialiseNewQueue  queue.o
    0x08006b36   0x08006b36   0x000000b4   Code   RO         2044    i.prvInitialiseNewTask  tasks.o
    0x08006bea   0x08006bea   0x00000002   PAD
    0x08006bec   0x08006bec   0x00000068   Code   RO         2045    i.prvInitialiseTaskLists  tasks.o
    0x08006c54   0x08006c54   0x00000068   Code   RO         2513    i.prvInsertBlockIntoFreeList  heap_4.o
    0x08006cbc   0x08006cbc   0x00000058   Code   RO         2385    i.prvInsertTimerInActiveList  timers.o
    0x08006d14   0x08006d14   0x0000001a   Code   RO         1842    i.prvIsQueueEmpty   queue.o
    0x08006d2e   0x08006d2e   0x0000001e   Code   RO         1843    i.prvIsQueueFull    queue.o
    0x08006d4c   0x08006d4c   0x00000064   Code   RO         2386    i.prvProcessExpiredTimer  timers.o
    0x08006db0   0x08006db0   0x000000f8   Code   RO         2387    i.prvProcessReceivedCommands  timers.o
    0x08006ea8   0x08006ea8   0x00000074   Code   RO         2388    i.prvProcessTimerOrBlockTask  timers.o
    0x08006f1c   0x08006f1c   0x00000034   Code   RO         2047    i.prvResetNextTaskUnblockTime  tasks.o
    0x08006f50   0x08006f50   0x0000002c   Code   RO         2389    i.prvSampleTimeNow  timers.o
    0x08006f7c   0x08006f7c   0x000000a0   Code   RO         2390    i.prvSwitchTimerLists  timers.o
    0x0800701c   0x0800701c   0x00000040   Code   RO         2562    i.prvTaskExitError  port.o
    0x0800705c   0x0800705c   0x0000001a   Code   RO         2391    i.prvTimerTask      timers.o
    0x08007076   0x08007076   0x0000007e   Code   RO         1844    i.prvUnlockQueue    queue.o
    0x080070f4   0x080070f4   0x0000013c   Code   RO         2514    i.pvPortMalloc      heap_4.o
    0x08007230   0x08007230   0x00000020   Code   RO         2050    i.pvTaskIncrementMutexHeldCount  tasks.o
    0x08007250   0x08007250   0x0000002c   Code   RO         2563    i.pxPortInitialiseStack  port.o
    0x0800727c   0x0800727c   0x00000108   Code   RO         1338    i.sensor_pretreat_task  sensor_task.o
    0x08007384   0x08007384   0x0000004c   Code   RO         1339    i.sensor_read_task  sensor_task.o
    0x080073d0   0x080073d0   0x0000006c   Code   RO         1340    i.sensor_task_create  sensor_task.o
    0x0800743c   0x0800743c   0x0000006e   Code   RO         5015    i.sqrt              m_wm.l(sqrt.o)
    0x080074aa   0x080074aa   0x00000002   PAD
    0x080074ac   0x080074ac   0x00000040   Code   RO         1235    i.start_task        task_init.o
    0x080074ec   0x080074ec   0x00000030   Code   RO         1236    i.start_task_create  task_init.o
    0x0800751c   0x0800751c   0x00000074   Code   RO         2051    i.ulTaskNotifyTake  tasks.o
    0x08007590   0x08007590   0x00000028   Code   RO         1801    i.uxListRemove      list.o
    0x080075b8   0x080075b8   0x0000001a   Code   RO         1802    i.vListInitialise   list.o
    0x080075d2   0x080075d2   0x00000006   Code   RO         1803    i.vListInitialiseItem  list.o
    0x080075d8   0x080075d8   0x00000034   Code   RO         1804    i.vListInsert       list.o
    0x0800760c   0x0800760c   0x00000018   Code   RO         1805    i.vListInsertEnd    list.o
    0x08007624   0x08007624   0x00000054   Code   RO         2565    i.vPortEnterCritical  port.o
    0x08007678   0x08007678   0x0000003c   Code   RO         2566    i.vPortExitCritical  port.o
    0x080076b4   0x080076b4   0x00000094   Code   RO         2515    i.vPortFree         heap_4.o
    0x08007748   0x08007748   0x00000020   Code   RO         2567    i.vPortSetupTimerInterrupt  port.o
    0x08007768   0x08007768   0x00000078   Code   RO         2568    i.vPortValidateInterruptPriority  port.o
    0x080077e0   0x080077e0   0x0000002c   Code   RO         1850    i.vQueueAddToRegistry  queue.o
    0x0800780c   0x0800780c   0x0000004a   Code   RO         1854    i.vQueueWaitForMessageRestricted  queue.o
    0x08007856   0x08007856   0x00000002   PAD
    0x08007858   0x08007858   0x0000005c   Code   RO         2059    i.vTaskDelay        tasks.o
    0x080078b4   0x080078b4   0x000000d4   Code   RO         2060    i.vTaskDelayUntil   tasks.o
    0x08007988   0x08007988   0x000000f4   Code   RO         2061    i.vTaskDelete       tasks.o
    0x08007a7c   0x08007a7c   0x0000000c   Code   RO         2064    i.vTaskMissedYield  tasks.o
    0x08007a88   0x08007a88   0x00000038   Code   RO         2066    i.vTaskPlaceOnEventList  tasks.o
    0x08007ac0   0x08007ac0   0x00000040   Code   RO         2067    i.vTaskPlaceOnEventListRestricted  tasks.o
    0x08007b00   0x08007b00   0x000000b0   Code   RO         2069    i.vTaskPriorityInherit  tasks.o
    0x08007bb0   0x08007bb0   0x00000030   Code   RO         2073    i.vTaskSetTimeOutState  tasks.o
    0x08007be0   0x08007be0   0x00000094   Code   RO         2074    i.vTaskStartScheduler  tasks.o
    0x08007c74   0x08007c74   0x00000010   Code   RO         2076    i.vTaskSuspendAll   tasks.o
    0x08007c84   0x08007c84   0x0000008c   Code   RO         2077    i.vTaskSwitchContext  tasks.o
    0x08007d10   0x08007d10   0x0000001a   Code   RO         1712    i.xEventGroupCreate  event_groups.o
    0x08007d2a   0x08007d2a   0x00000002   PAD
    0x08007d2c   0x08007d2c   0x0000013c   Code   RO         2569    i.xPortStartScheduler  port.o
    0x08007e68   0x08007e68   0x00000034   Code   RO         2570    i.xPortSysTickHandler  port.o
    0x08007e9c   0x08007e9c   0x00000058   Code   RO         1857    i.xQueueGenericCreate  queue.o
    0x08007ef4   0x08007ef4   0x000001c4   Code   RO         1858    i.xQueueGenericReceive  queue.o
    0x080080b8   0x080080b8   0x00000098   Code   RO         1859    i.xQueueGenericReset  queue.o
    0x08008150   0x08008150   0x000001a8   Code   RO         1860    i.xQueueGenericSend  queue.o
    0x080082f8   0x080082f8   0x000000f8   Code   RO         1861    i.xQueueGenericSendFromISR  queue.o
    0x080083f0   0x080083f0   0x0000008c   Code   RO         2078    i.xTaskCheckForTimeOut  tasks.o
    0x0800847c   0x0800847c   0x00000060   Code   RO         2079    i.xTaskCreate       tasks.o
    0x080084dc   0x080084dc   0x00000104   Code   RO         2080    i.xTaskGenericNotify  tasks.o
    0x080085e0   0x080085e0   0x00000020   Code   RO         2083    i.xTaskGetSchedulerState  tasks.o
    0x08008600   0x08008600   0x0000000c   Code   RO         2084    i.xTaskGetTickCount  tasks.o
    0x0800860c   0x0800860c   0x00000148   Code   RO         2086    i.xTaskIncrementTick  tasks.o
    0x08008754   0x08008754   0x000000c8   Code   RO         2089    i.xTaskPriorityDisinherit  tasks.o
    0x0800881c   0x0800881c   0x00000098   Code   RO         2090    i.xTaskRemoveFromEventList  tasks.o
    0x080088b4   0x080088b4   0x00000104   Code   RO         2092    i.xTaskResumeAll    tasks.o
    0x080089b8   0x080089b8   0x00000058   Code   RO         2395    i.xTimerCreateTimerTask  timers.o
    0x08008a10   0x08008a10   0x00000084   Code   RO         2396    i.xTimerGenericCommand  timers.o
    0x08008a94   0x08008a94   0x00000018   Code   RO         5050    x$fpl$basic         fz_wm.l(basic.o)
    0x08008aac   0x08008aac   0x00000062   Code   RO         4925    x$fpl$d2f           fz_wm.l(d2f.o)
    0x08008b0e   0x08008b0e   0x00000002   PAD
    0x08008b10   0x08008b10   0x00000150   Code   RO         4927    x$fpl$dadd          fz_wm.l(daddsub_clz.o)
    0x08008c60   0x08008c60   0x00000010   Code   RO         5155    x$fpl$dcheck1       fz_wm.l(dcheck1.o)
    0x08008c70   0x08008c70   0x00000018   Code   RO         5052    x$fpl$dcmpinf       fz_wm.l(dcmpi.o)
    0x08008c88   0x08008c88   0x000002b0   Code   RO         4934    x$fpl$ddiv          fz_wm.l(ddiv.o)
    0x08008f38   0x08008f38   0x00000078   Code   RO         5054    x$fpl$deqf          fz_wm.l(deqf.o)
    0x08008fb0   0x08008fb0   0x0000005e   Code   RO         4937    x$fpl$dfix          fz_wm.l(dfix.o)
    0x0800900e   0x0800900e   0x0000002e   Code   RO         4942    x$fpl$dflt          fz_wm.l(dflt_clz.o)
    0x0800903c   0x0800903c   0x00000026   Code   RO         4941    x$fpl$dfltu         fz_wm.l(dflt_clz.o)
    0x08009062   0x08009062   0x00000002   PAD
    0x08009064   0x08009064   0x00000078   Code   RO         4947    x$fpl$dleqf         fz_wm.l(dleqf.o)
    0x080090dc   0x080090dc   0x00000154   Code   RO         4949    x$fpl$dmul          fz_wm.l(dmul.o)
    0x08009230   0x08009230   0x0000009c   Code   RO         5056    x$fpl$dnaninf       fz_wm.l(dnaninf.o)
    0x080092cc   0x080092cc   0x0000000c   Code   RO         5058    x$fpl$dretinf       fz_wm.l(dretinf.o)
    0x080092d8   0x080092d8   0x0000006c   Code   RO         5060    x$fpl$drleqf        fz_wm.l(drleqf.o)
    0x08009344   0x08009344   0x00000016   Code   RO         4928    x$fpl$drsb          fz_wm.l(daddsub_clz.o)
    0x0800935a   0x0800935a   0x00000002   PAD
    0x0800935c   0x0800935c   0x00000198   Code   RO         5062    x$fpl$dsqrt         fz_wm.l(dsqrt_umaal.o)
    0x080094f4   0x080094f4   0x000001d4   Code   RO         4929    x$fpl$dsub          fz_wm.l(daddsub_clz.o)
    0x080096c8   0x080096c8   0x00000056   Code   RO         4951    x$fpl$f2d           fz_wm.l(f2d.o)
    0x0800971e   0x0800971e   0x00000060   Code   RO         4953    x$fpl$ffltll        fz_wm.l(ffltll_clz.o)
    0x0800977e   0x0800977e   0x0000008c   Code   RO         5064    x$fpl$fnaninf       fz_wm.l(fnaninf.o)
    0x0800980a   0x0800980a   0x0000000a   Code   RO         5244    x$fpl$fpinit        fz_wm.l(fpinit.o)
    0x08009814   0x08009814   0x0000000a   Code   RO         5066    x$fpl$fretinf       fz_wm.l(fretinf.o)
    0x0800981e   0x0800981e   0x00000064   Code   RO         5174    x$fpl$retnan        fz_wm.l(retnan.o)
    0x08009882   0x08009882   0x0000005c   Code   RO         5068    x$fpl$scalbn        fz_wm.l(scalbn.o)
    0x080098de   0x080098de   0x00000030   Code   RO         5227    x$fpl$trapveneer    fz_wm.l(trapv.o)
    0x0800990e   0x0800990e   0x00000000   Code   RO         5070    x$fpl$usenofp       fz_wm.l(usenofp.o)
    0x0800990e   0x0800990e   0x00000002   PAD
    0x08009910   0x08009910   0x00000050   Data   RO         4958    .constdata          m_wm.l(asin.o)
    0x08009960   0x08009960   0x00000088   Data   RO         5002    .constdata          m_wm.l(pow.o)
    0x080099e8   0x080099e8   0x00000098   Data   RO         5074    .constdata          m_wm.l(atan.o)
    0x08009a80   0x08009a80   0x00000008   Data   RO         5119    .constdata          m_wm.l(qnan.o)
    0x08009a88   0x08009a88   0x00000020   Data   RO         5304    Region$$Table       anon$$obj.o


    Execution Region RW_IRAM1 (Exec base: 0x20000000, Load base: 0x08009aa8, Size: 0x000140a0, Max: 0x00020000, ABSOLUTE, COMPRESSED[0x00000068])

    Exec Addr    Load Addr    Size         Type   Attr      Idx    E Section Name        Object

    0x20000000   COMPRESSED   0x00000014   Data   RW          369    .data               system_stm32f4xx.o
    0x20000014   COMPRESSED   0x0000003c   Data   RW          518    .data               bmi088driver.o
    0x20000050   COMPRESSED   0x00000018   Data   RW          631    .data               bmp280.o
    0x20000068   COMPRESSED   0x00000004   Data   RW          745    .data               dr16.o
    0x2000006c   COMPRESSED   0x0000005e   Data   RW          817    .data               imu.o
    0x200000ca   COMPRESSED   0x00000002   PAD
    0x200000cc   COMPRESSED   0x0000000c   Data   RW         1023    .data               tim6.o
    0x200000d8   COMPRESSED   0x0000001c   Data   RW         1060    .data               sr04.o
    0x200000f4   COMPRESSED   0x00000008   Data   RW         1237    .data               task_init.o
    0x200000fc   COMPRESSED   0x00000004   Data   RW         1274    .data               led_task.o
    0x20000100   COMPRESSED   0x0000000c   Data   RW         1304    .data               imu_task.o
    0x2000010c   COMPRESSED   0x0000002c   Data   RW         1341    .data               sensor_task.o
    0x20000138   COMPRESSED   0x00000004   Data   RW         1380    .data               navigation_task.o
    0x2000013c   COMPRESSED   0x00000004   PAD
    0x20000140   COMPRESSED   0x00000034   Data   RW         1413    .data               flight_control_task.o
    0x20000174   COMPRESSED   0x00000004   Data   RW         1459    .data               communication_task.o
    0x20000178   COMPRESSED   0x0000000c   Data   RW         1489    .data               mode_task.o
    0x20000184   COMPRESSED   0x00000004   Data   RW         1560    .data               delay.o
    0x20000188   COMPRESSED   0x0000002a   Data   RW         1627    .data               usart.o
    0x200001b2   COMPRESSED   0x00000002   PAD
    0x200001b4   COMPRESSED   0x0000003c   Data   RW         2095    .data               tasks.o
    0x200001f0   COMPRESSED   0x00000014   Data   RW         2402    .data               timers.o
    0x20000204   COMPRESSED   0x00000018   Data   RW         2520    .data               heap_4.o
    0x2000021c   COMPRESSED   0x0000000c   Data   RW         2571    .data               port.o
    0x20000228   COMPRESSED   0x00000010   Data   RW         3625    .data               stm32f4xx_rcc.o
    0x20000238        -       0x0000009c   Zero   RW          517    .bss                bmi088driver.o
    0x200002d4        -       0x00000030   Zero   RW          630    .bss                bmp280.o
    0x20000304        -       0x0000003a   Zero   RW          744    .bss                dr16.o
    0x2000033e   COMPRESSED   0x00000002   PAD
    0x20000340        -       0x00000064   Zero   RW          815    .bss                imu.o
    0x200003a4        -       0x000005f0   Zero   RW          940    .bss                pid.o
    0x20000994        -       0x00000118   Zero   RW         1117    .bss                upflow.o
    0x20000aac        -       0x00000010   Zero   RW         1412    .bss                flight_control_task.o
    0x20000abc        -       0x00000048   Zero   RW         1527    .bss                detect_task.o
    0x20000b04        -       0x00000140   Zero   RW         1626    .bss                usart.o
    0x20000c44        -       0x00000040   Zero   RW         1869    .bss                queue.o
    0x20000c84        -       0x00000190   Zero   RW         2094    .bss                tasks.o
    0x20000e14        -       0x00000028   Zero   RW         2401    .bss                timers.o
    0x20000e3c        -       0x00012c00   Zero   RW         2519    .bss                heap_4.o
    0x20013a3c        -       0x00000060   Zero   RW         5158    .bss                c_w.l(libspace.o)
    0x20013a9c   COMPRESSED   0x00000004   PAD
    0x20013aa0        -       0x00000200   Zero   RW         4875    HEAP                startup_stm32f40_41xxx.o
    0x20013ca0        -       0x00000400   Zero   RW         4874    STACK               startup_stm32f40_41xxx.o


==============================================================================

Image component sizes


      Code (inc. data)   RO Data    RW Data    ZI Data      Debug   Object Name

       176         12          0          0          0       1272   beep.o
       320         12          0          0          0        778   bmi088.o
      2144         96          0         60        156      10523   bmi088driver.o
      2272        246          0         24         48      13283   bmp280.o
        46          0          0          0          0       1929   board.o
        76         30          0          4          0       1802   communication_task.o
       248         20          0          4          0       3245   delay.o
        44         10          0          0         72       1266   detect_task.o
       678         48          0          4         58       6040   dr16.o
        26          0          0          0          0      11424   event_groups.o
      2112        318          0         52         16       4225   flight_control_task.o
       692         62          0         24      76800       4559   heap_4.o
      2476        180          0         94        100       7697   imu.o
       224         68          0         12          0       2563   imu_task.o
       190          6          0          0          0       1582   kalman.o
        80         12          0          0          0       1041   led.o
       128         20          0          4          0       1384   led_task.o
       148          0          0          0          0       3394   list.o
        22          0          0          0          0     318188   main.o
       180         24          0          0          0       2177   misc.o
       248         44          0         12          0       2814   mode_task.o
        74         26          0          4          0       1405   navigation_task.o
       686         10          0          0       1520       4102   pid.o
       954         92          0         12          0      11729   port.o
      1872         22          0          0         64      16401   queue.o
       264         10          0          0          0        769   rotor.o
       524        124          0         44          0       3543   sensor_task.o
       160         38          0         28          0       1973   sr04.o
        64         26        392          0       1536        860   startup_stm32f40_41xxx.o
       742         58          0          0          0       8481   stm32f4xx_dma.o
        36         10          0          0          0       1184   stm32f4xx_exti.o
       248          0          0          0          0       4257   stm32f4xx_gpio.o
        20          0          0          0          0       2881   stm32f4xx_it.o
       360         42          0         16          0       5392   stm32f4xx_rcc.o
       112          0          0          0          0       3646   stm32f4xx_spi.o
       924         66          0          0          0      10582   stm32f4xx_tim.o
       470          8          0          0          0       6333   stm32f4xx_usart.o
       340         32          0         20          0       1853   system_stm32f4xx.o
       120         28          0          8          0       1923   task_init.o
      3666        454          0         60        400      27037   tasks.o
       212         28          0         12          0       1486   tim6.o
      1142        118          0         20         40      17731   timers.o
       150         16          0          0        280       5862   upflow.o
      2256        110          0         42        320       7382   usart.o

    ----------------------------------------------------------------------
     27968       2526        424        568      81412     547998   Object Totals
         0          0         32          0          0          0   (incl. Generated)
        42          0          0          8          2          0   (incl. Padding)

    ----------------------------------------------------------------------

      Code (inc. data)   RO Data    RW Data    ZI Data      Debug   Library Member Name

        90          0          0          0          0          0   __dczerorl2.o
         8          0          0          0          0         68   __main.o
         0          0          0          0          0          0   __rtentry.o
        12          0          0          0          0          0   __rtentry2.o
         6          0          0          0          0          0   __rtentry4.o
        52          8          0          0          0          0   __scatter.o
        28          0          0          0          0          0   __scatter_zi.o
        22          0          0          0          0        100   _rserrno.o
        16          0          0          0          0         68   aeabi_memset.o
        18          0          0          0          0         80   exit.o
         6          0          0          0          0        152   heapauxi.o
         2          0          0          0          0          0   libinit.o
         6          0          0          0          0          0   libinit2.o
         2          0          0          0          0          0   libshutdown.o
         2          0          0          0          0          0   libshutdown2.o
         8          4          0          0         96         68   libspace.o
        72          0          0          0          0         76   llsdiv.o
       238          0          0          0          0        100   lludivv7m.o
         8          4          0          0          0         68   rt_errno_addr_intlibspace.o
        68          0          0          0          0         68   rt_memclr.o
        78          0          0          0          0         80   rt_memclr_w.o
       138          0          0          0          0         68   rt_memcpy_v6.o
       100          0          0          0          0         80   rt_memcpy_w.o
         2          0          0          0          0          0   rtexit.o
        10          0          0          0          0          0   rtexit2.o
        74          0          0          0          0         80   sys_stackheap_outer.o
         2          0          0          0          0         68   use_no_semi.o
         2          0          0          0          0         68   use_no_semi_2.o
        24          0          0          0          0        164   basic.o
        98          4          0          0          0        140   d2f.o
       826         16          0          0          0        492   daddsub_clz.o
        16          4          0          0          0        116   dcheck1.o
        24          0          0          0          0        116   dcmpi.o
       688        140          0          0          0        256   ddiv.o
       120          4          0          0          0        140   deqf.o
        94          4          0          0          0        140   dfix.o
        84          0          0          0          0        232   dflt_clz.o
       120          4          0          0          0        140   dleqf.o
       340         12          0          0          0        152   dmul.o
       156          4          0          0          0        140   dnaninf.o
        12          0          0          0          0        116   dretinf.o
       108          0          0          0          0        128   drleqf.o
       408         56          0          0          0        168   dsqrt_umaal.o
        86          4          0          0          0        132   f2d.o
        96          0          0          0          0        132   ffltll_clz.o
       140          4          0          0          0        132   fnaninf.o
        10          0          0          0          0        116   fpinit.o
        10          0          0          0          0        116   fretinf.o
       100          0          0          0          0        116   retnan.o
        92          0          0          0          0        116   scalbn.o
        48          0          0          0          0        116   trapv.o
         0          0          0          0          0          0   usenofp.o
       864         94         80          0          0        280   asin.o
       744        106        152          0          0        352   atan.o
       512         64          0          0          0        208   atan2.o
       184         44          0          0          0        744   dunder.o
        44          0          0          0          0        248   fabs.o
        48          0          0          0          0        124   fpclassify.o
       248          0          0          0          0        152   poly.o
      3152        296        136          0          0        352   pow.o
         0          0          8          0          0          0   qnan.o
       232          0          0          0          0        296   sqrt.o

    ----------------------------------------------------------------------
     10824        876        376          0        100       7664   Library Totals
        26          0          0          0          4          0   (incl. Padding)

    ----------------------------------------------------------------------

      Code (inc. data)   RO Data    RW Data    ZI Data      Debug   Library Name

      1070         16          0          0         96       1292   c_w.l
      3700        256          0          0          0       3616   fz_wm.l
      6028        604        376          0          0       2756   m_wm.l

    ----------------------------------------------------------------------
     10824        876        376          0        100       7664   Library Totals

    ----------------------------------------------------------------------

==============================================================================


      Code (inc. data)   RO Data    RW Data    ZI Data      Debug   

     38792       3402        800        568      81512     528738   Grand Totals
     38792       3402        800        104      81512     528738   ELF Image Totals (compressed)
     38792       3402        800        104          0          0   ROM Totals

==============================================================================

    Total RO  Size (Code + RO Data)                39592 (  38.66kB)
    Total RW  Size (RW Data + ZI Data)             82080 (  80.16kB)
    Total ROM Size (Code + RO Data + RW Data)      39696 (  38.77kB)

==============================================================================

